Component: ARM Compiler 5.06 update 6 (build 750) Tool: armlink [4d35ed]

==============================================================================

Section Cross References

    startup_stm32f103xb.o(STACK) refers (Special) to heapauxi.o(.text) for __use_two_region_memory
    startup_stm32f103xb.o(HEAP) refers (Special) to heapauxi.o(.text) for __use_two_region_memory
    startup_stm32f103xb.o(RESET) refers (Special) to heapauxi.o(.text) for __use_two_region_memory
    startup_stm32f103xb.o(RESET) refers to startup_stm32f103xb.o(STACK) for __initial_sp
    startup_stm32f103xb.o(RESET) refers to startup_stm32f103xb.o(.text) for Reset_Handler
    startup_stm32f103xb.o(RESET) refers to stm32f1xx_it.o(i.NMI_Handler) for NMI_Handler
    startup_stm32f103xb.o(RESET) refers to stm32f1xx_it.o(i.HardFault_Handler) for HardFault_Handler
    startup_stm32f103xb.o(RESET) refers to stm32f1xx_it.o(i.MemManage_Handler) for MemManage_Handler
    startup_stm32f103xb.o(RESET) refers to stm32f1xx_it.o(i.BusFault_Handler) for BusFault_Handler
    startup_stm32f103xb.o(RESET) refers to stm32f1xx_it.o(i.UsageFault_Handler) for UsageFault_Handler
    startup_stm32f103xb.o(RESET) refers to stm32f1xx_it.o(i.SVC_Handler) for SVC_Handler
    startup_stm32f103xb.o(RESET) refers to stm32f1xx_it.o(i.DebugMon_Handler) for DebugMon_Handler
    startup_stm32f103xb.o(RESET) refers to stm32f1xx_it.o(i.PendSV_Handler) for PendSV_Handler
    startup_stm32f103xb.o(RESET) refers to stm32f1xx_it.o(i.SysTick_Handler) for SysTick_Handler
    startup_stm32f103xb.o(RESET) refers to stm32f1xx_it.o(i.DMA1_Channel1_IRQHandler) for DMA1_Channel1_IRQHandler
    startup_stm32f103xb.o(RESET) refers to stm32f1xx_it.o(i.TIM2_IRQHandler) for TIM2_IRQHandler
    startup_stm32f103xb.o(.text) refers (Special) to heapauxi.o(.text) for __use_two_region_memory
    startup_stm32f103xb.o(.text) refers to system_stm32f1xx.o(i.SystemInit) for SystemInit
    startup_stm32f103xb.o(.text) refers to __main.o(!!!main) for __main
    startup_stm32f103xb.o(.text) refers to startup_stm32f103xb.o(HEAP) for Heap_Mem
    startup_stm32f103xb.o(.text) refers to startup_stm32f103xb.o(STACK) for Stack_Mem
    clcd_i2c.o(i.CLCD_I2C_BlinkOff) refers to clcd_i2c.o(i.CLCD_WriteI2C) for CLCD_WriteI2C
    clcd_i2c.o(i.CLCD_I2C_BlinkOn) refers to clcd_i2c.o(i.CLCD_WriteI2C) for CLCD_WriteI2C
    clcd_i2c.o(i.CLCD_I2C_Clear) refers to clcd_i2c.o(i.CLCD_WriteI2C) for CLCD_WriteI2C
    clcd_i2c.o(i.CLCD_I2C_Clear) refers to stm32f1xx_hal.o(i.HAL_Delay) for HAL_Delay
    clcd_i2c.o(i.CLCD_I2C_CursorOff) refers to clcd_i2c.o(i.CLCD_WriteI2C) for CLCD_WriteI2C
    clcd_i2c.o(i.CLCD_I2C_CursorOn) refers to clcd_i2c.o(i.CLCD_WriteI2C) for CLCD_WriteI2C
    clcd_i2c.o(i.CLCD_I2C_Init) refers to stm32f1xx_hal.o(i.HAL_Delay) for HAL_Delay
    clcd_i2c.o(i.CLCD_I2C_Init) refers to clcd_i2c.o(i.CLCD_WriteI2C) for CLCD_WriteI2C
    clcd_i2c.o(i.CLCD_I2C_ReturnHome) refers to clcd_i2c.o(i.CLCD_WriteI2C) for CLCD_WriteI2C
    clcd_i2c.o(i.CLCD_I2C_ReturnHome) refers to stm32f1xx_hal.o(i.HAL_Delay) for HAL_Delay
    clcd_i2c.o(i.CLCD_I2C_SetCursor) refers to clcd_i2c.o(i.CLCD_WriteI2C) for CLCD_WriteI2C
    clcd_i2c.o(i.CLCD_I2C_WriteChar) refers to clcd_i2c.o(i.CLCD_WriteI2C) for CLCD_WriteI2C
    clcd_i2c.o(i.CLCD_I2C_WriteString) refers to clcd_i2c.o(i.CLCD_I2C_WriteChar) for CLCD_I2C_WriteChar
    clcd_i2c.o(i.CLCD_WriteI2C) refers to stm32f1xx_hal.o(i.HAL_Delay) for HAL_Delay
    clcd_i2c.o(i.CLCD_WriteI2C) refers to stm32f1xx_hal_i2c.o(i.HAL_I2C_Master_Transmit) for HAL_I2C_Master_Transmit
    main.o(i.Error) refers to main.o(i.Frezero) for Frezero
    main.o(i.Error) refers to clcd_i2c.o(i.CLCD_I2C_Clear) for CLCD_I2C_Clear
    main.o(i.Error) refers to clcd_i2c.o(i.CLCD_I2C_SetCursor) for CLCD_I2C_SetCursor
    main.o(i.Error) refers to clcd_i2c.o(i.CLCD_I2C_WriteString) for CLCD_I2C_WriteString
    main.o(i.Error) refers to stm32f1xx_hal.o(i.HAL_Delay) for HAL_Delay
    main.o(i.Error) refers to main.o(.data) for .data
    main.o(i.Error) refers to main.o(.bss) for .bss
    main.o(i.Frenormal) refers to dflt_clz.o(x$fpl$dflt) for __aeabi_i2d
    main.o(i.Frenormal) refers to dmul.o(x$fpl$dmul) for __aeabi_dmul
    main.o(i.Frenormal) refers to daddsub_clz.o(x$fpl$drsb) for __aeabi_drsub
    main.o(i.Frenormal) refers to dfix.o(x$fpl$dfix) for __aeabi_d2iz
    main.o(i.Frenormal) refers to main.o(.data) for .data
    main.o(i.Frezero) refers to main.o(.data) for .data
    main.o(i.HAL_TIM_PeriodElapsedCallback) refers to dflt_clz.o(x$fpl$dflt) for __aeabi_i2d
    main.o(i.HAL_TIM_PeriodElapsedCallback) refers to round.o(i.round) for round
    main.o(i.HAL_TIM_PeriodElapsedCallback) refers to dfixu.o(x$fpl$dfixu) for __aeabi_d2uiz
    main.o(i.HAL_TIM_PeriodElapsedCallback) refers to main.o(.bss) for .bss
    main.o(i.HAL_TIM_PeriodElapsedCallback) refers to main.o(.data) for .data
    main.o(i.MX_ADC1_Init) refers to stm32f1xx_hal_adc.o(i.HAL_ADC_Init) for HAL_ADC_Init
[...]
    .ARM.Collect$$rtexit$$00000004           0x0800018a   Section        6  rtexit2.o(.ARM.Collect$$rtexit$$00000004)
    .text                                    0x08000190   Section       64  startup_stm32f103xb.o(.text)
    .text                                    0x080001d0   Section        0  noretval__2sprintf.o(.text)
    .text                                    0x080001f8   Section        0  __printf.o(.text)
    .text                                    0x08000260   Section        0  _printf_dec.o(.text)
    .text                                    0x080002d8   Section       78  rt_memclr_w.o(.text)
    .text                                    0x08000326   Section        0  heapauxi.o(.text)
    .text                                    0x0800032c   Section        0  _rserrno.o(.text)
    .text                                    0x08000342   Section        0  _printf_intcommon.o(.text)
    .text                                    0x080003f4   Section        0  _printf_char_common.o(.text)
    _printf_input_char                       0x080003f5   Thumb Code    10  _printf_char_common.o(.text)
    .text                                    0x08000424   Section        0  _sputc.o(.text)
    .text                                    0x08000430   Section        8  rt_errno_addr_intlibspace.o(.text)
    .text                                    0x08000438   Section        8  libspace.o(.text)
    .text                                    0x08000440   Section       74  sys_stackheap_outer.o(.text)
    .text                                    0x0800048a   Section        0  exit.o(.text)
    .text                                    0x0800049c   Section        0  sys_exit.o(.text)
    .text                                    0x080004a8   Section        2  use_no_semi.o(.text)
    .text                                    0x080004aa   Section        0  indicate_semi.o(.text)
    i.ADC_ConversionStop_Disable             0x080004ac   Section        0  stm32f1xx_hal_adc.o(i.ADC_ConversionStop_Disable)
    i.ADC_DMAConvCplt                        0x08000502   Section        0  stm32f1xx_hal_adc.o(i.ADC_DMAConvCplt)
    i.ADC_DMAError                           0x08000550   Section        0  stm32f1xx_hal_adc.o(i.ADC_DMAError)
    i.ADC_DMAHalfConvCplt                    0x0800056a   Section        0  stm32f1xx_hal_adc.o(i.ADC_DMAHalfConvCplt)
    i.ADC_Enable                             0x08000574   Section        0  stm32f1xx_hal_adc.o(i.ADC_Enable)
    i.BusFault_Handler                       0x080005f0   Section        0  stm32f1xx_it.o(i.BusFault_Handler)
    i.CLCD_I2C_Clear                         0x080005f2   Section        0  clcd_i2c.o(i.CLCD_I2C_Clear)
    i.CLCD_I2C_Init                          0x08000606   Section        0  clcd_i2c.o(i.CLCD_I2C_Init)
    i.CLCD_I2C_SetCursor                     0x080006a8   Section        0  clcd_i2c.o(i.CLCD_I2C_SetCursor)
    i.CLCD_I2C_WriteChar                     0x080006ec   Section        0  clcd_i2c.o(i.CLCD_I2C_WriteChar)
    i.CLCD_I2C_WriteString                   0x080006f2   Section        0  clcd_i2c.o(i.CLCD_I2C_WriteString)
    i.CLCD_WriteI2C                          0x0800070a   Section        0  clcd_i2c.o(i.CLCD_WriteI2C)
    CLCD_WriteI2C                            0x0800070b   Thumb Code   106  clcd_i2c.o(i.CLCD_WriteI2C)
    i.DMA1_Channel1_IRQHandler               0x08000774   Section        0  stm32f1xx_it.o(i.DMA1_Channel1_IRQHandler)
    i.DMA_SetConfig                          0x08000780   Section        0  stm32f1xx_hal_dma.o(i.DMA_SetConfig)
    DMA_SetConfig                            0x08000781   Thumb Code    42  stm32f1xx_hal_dma.o(i.DMA_SetConfig)
    i.DebugMon_Handler                       0x080007aa   Section        0  stm32f1xx_it.o(i.DebugMon_Handler)
    i.Error                                  0x080007ac   Section        0  main.o(i.Error)
    i.Error_Handler                          0x0800080c   Section        0  main.o(i.Error_Handler)
    i.Frenormal                              0x08000810   Section        0  main.o(i.Frenormal)
    i.Frezero                                0x08000870   Section        0  main.o(i.Frezero)
    i.HAL_ADC_ConfigChannel                  0x08000898   Section        0  stm32f1xx_hal_adc.o(i.HAL_ADC_ConfigChannel)
    i.HAL_ADC_ConvCpltCallback               0x08000994   Section        0  stm32f1xx_hal_adc.o(i.HAL_ADC_ConvCpltCallback)
    i.HAL_ADC_ConvHalfCpltCallback           0x08000996   Section        0  stm32f1xx_hal_adc.o(i.HAL_ADC_ConvHalfCpltCallback)
    i.HAL_ADC_ErrorCallback                  0x08000998   Section        0  stm32f1xx_hal_adc.o(i.HAL_ADC_ErrorCallback)
    i.HAL_ADC_Init                           0x0800099c   Section        0  stm32f1xx_hal_adc.o(i.HAL_ADC_Init)
    i.HAL_ADC_MspInit                        0x08000ab8   Section        0  stm32f1xx_hal_msp.o(i.HAL_ADC_MspInit)
    i.HAL_ADC_Start_DMA                      0x08000b48   Section        0  stm32f1xx_hal_adc.o(i.HAL_ADC_Start_DMA)
    i.HAL_ADC_Stop_DMA                       0x08000c54   Section        0  stm32f1xx_hal_adc.o(i.HAL_ADC_Stop_DMA)
    i.HAL_DMA_Abort                          0x08000caa   Section        0  stm32f1xx_hal_dma.o(i.HAL_DMA_Abort)
    i.HAL_DMA_IRQHandler                     0x08000cf0   Section        0  stm32f1xx_hal_dma.o(i.HAL_DMA_IRQHandler)
    i.HAL_DMA_Init                           0x08000e44   Section        0  stm32f1xx_hal_dma.o(i.HAL_DMA_Init)
    i.HAL_DMA_Start_IT                       0x08000ea0   Section        0  stm32f1xx_hal_dma.o(i.HAL_DMA_Start_IT)
    i.HAL_Delay                              0x08000f10   Section        0  stm32f1xx_hal.o(i.HAL_Delay)
    i.HAL_GPIO_Init                          0x08000f34   Section        0  stm32f1xx_hal_gpio.o(i.HAL_GPIO_Init)
    i.HAL_GPIO_ReadPin                       0x08001114   Section        0  stm32f1xx_hal_gpio.o(i.HAL_GPIO_ReadPin)
    i.HAL_GetTick                            0x08001120   Section        0  stm32f1xx_hal.o(i.HAL_GetTick)
    i.HAL_I2C_Init                           0x0800112c   Section        0  stm32f1xx_hal_i2c.o(i.HAL_I2C_Init)
    i.HAL_I2C_Master_Transmit                0x080012b4   Section        0  stm32f1xx_hal_i2c.o(i.HAL_I2C_Master_Transmit)
    i.HAL_I2C_MspInit                        0x080013e0   Section        0  stm32f1xx_hal_msp.o(i.HAL_I2C_MspInit)
    i.HAL_IncTick                            0x0800143c   Section        0  stm32f1xx_hal.o(i.HAL_IncTick)
    i.HAL_Init                               0x0800144c   Section        0  stm32f1xx_hal.o(i.HAL_Init)
    i.HAL_InitTick                           0x08001470   Section        0  stm32f1xx_hal.o(i.HAL_InitTick)
    i.HAL_MspInit                            0x080014b0   Section        0  stm32f1xx_hal_msp.o(i.HAL_MspInit)
    i.HAL_NVIC_EnableIRQ                     0x080014ec   Section        0  stm32f1xx_hal_cortex.o(i.HAL_NVIC_EnableIRQ)
    i.HAL_NVIC_SetPriority                   0x08001508   Section        0  stm32f1xx_hal_cortex.o(i.HAL_NVIC_SetPriority)
    i.HAL_NVIC_SetPriorityGrouping           0x08001548   Section        0  stm32f1xx_hal_cortex.o(i.HAL_NVIC_SetPriorityGrouping)
    i.HAL_RCCEx_PeriphCLKConfig              0x0800156c   Section        0  stm32f1xx_hal_rcc_ex.o(i.HAL_RCCEx_PeriphCLKConfig)
    i.HAL_RCC_ClockConfig                    0x08001658   Section        0  stm32f1xx_hal_rcc.o(i.HAL_RCC_ClockConfig)
    i.HAL_RCC_GetPCLK1Freq                   0x08001784   Section        0  stm32f1xx_hal_rcc.o(i.HAL_RCC_GetPCLK1Freq)
    i.HAL_RCC_GetSysClockFreq                0x080017a4   Section        0  stm32f1xx_hal_rcc.o(i.HAL_RCC_GetSysClockFreq)
    i.HAL_RCC_OscConfig                      0x08001810   Section        0  stm32f1xx_hal_rcc.o(i.HAL_RCC_OscConfig)
    i.HAL_SYSTICK_Config                     0x08001b30   Section        0  stm32f1xx_hal_cortex.o(i.HAL_SYSTICK_Config)
    i.HAL_TIMEx_BreakCallback                0x08001b58   Section        0  stm32f1xx_hal_tim_ex.o(i.HAL_TIMEx_BreakCallback)
    i.HAL_TIMEx_CommutCallback               0x08001b5a   Section        0  stm32f1xx_hal_tim_ex.o(i.HAL_TIMEx_CommutCallback)
    i.HAL_TIMEx_ConfigBreakDeadTime          0x08001b5c   Section        0  stm32f1xx_hal_tim_ex.o(i.HAL_TIMEx_ConfigBreakDeadTime)
    i.HAL_TIMEx_MasterConfigSynchronization  0x08001bb0   Section        0  stm32f1xx_hal_tim_ex.o(i.HAL_TIMEx_MasterConfigSynchronization)
    i.HAL_TIMEx_PWMN_Start                   0x08001c18   Section        0  stm32f1xx_hal_tim_ex.o(i.HAL_TIMEx_PWMN_Start)
    i.HAL_TIM_Base_Init                      0x08001cb0   Section        0  stm32f1xx_hal_tim.o(i.HAL_TIM_Base_Init)
    i.HAL_TIM_Base_MspInit                   0x08001d0c   Section        0  stm32f1xx_hal_msp.o(i.HAL_TIM_Base_MspInit)
    i.HAL_TIM_Base_Start_IT                  0x08001d5c   Section        0  stm32f1xx_hal_tim.o(i.HAL_TIM_Base_Start_IT)
    i.HAL_TIM_ConfigClockSource              0x08001db4   Section        0  stm32f1xx_hal_tim.o(i.HAL_TIM_ConfigClockSource)
    i.HAL_TIM_IC_CaptureCallback             0x08001e8a   Section        0  stm32f1xx_hal_tim.o(i.HAL_TIM_IC_CaptureCallback)
    i.HAL_TIM_IRQHandler                     0x08001e8c   Section        0  stm32f1xx_hal_tim.o(i.HAL_TIM_IRQHandler)
    i.HAL_TIM_MspPostInit                    0x08001ff4   Section        0  stm32f1xx_hal_msp.o(i.HAL_TIM_MspPostInit)
    i.HAL_TIM_OC_DelayElapsedCallback        0x08002068   Section        0  stm32f1xx_hal_tim.o(i.HAL_TIM_OC_DelayElapsedCallback)
    i.HAL_TIM_PWM_ConfigChannel              0x0800206a   Section        0  stm32f1xx_hal_tim.o(i.HAL_TIM_PWM_ConfigChannel)
    i.HAL_TIM_PWM_Init                       0x08002130   Section        0  stm32f1xx_hal_tim.o(i.HAL_TIM_PWM_Init)
    i.HAL_TIM_PWM_MspInit                    0x0800218a   Section        0  stm32f1xx_hal_tim.o(i.HAL_TIM_PWM_MspInit)
    i.HAL_TIM_PWM_PulseFinishedCallback      0x0800218c   Section        0  stm32f1xx_hal_tim.o(i.HAL_TIM_PWM_PulseFinishedCallback)
    i.HAL_TIM_PWM_Start                      0x08002190   Section        0  stm32f1xx_hal_tim.o(i.HAL_TIM_PWM_Start)
    i.HAL_TIM_PeriodElapsedCallback          0x0800222c   Section        0  main.o(i.HAL_TIM_PeriodElapsedCallback)
    i.HAL_TIM_TriggerCallback                0x080022c4   Section        0  stm32f1xx_hal_tim.o(i.HAL_TIM_TriggerCallback)
    i.HardFault_Handler                      0x080022c6   Section        0  stm32f1xx_it.o(i.HardFault_Handler)
    i.I2C_IsAcknowledgeFailed                0x080022c8   Section        0  stm32f1xx_hal_i2c.o(i.I2C_IsAcknowledgeFailed)
    I2C_IsAcknowledgeFailed                  0x080022c9   Thumb Code    46  stm32f1xx_hal_i2c.o(i.I2C_IsAcknowledgeFailed)
    i.I2C_MasterRequestWrite                 0x080022f8   Section        0  stm32f1xx_hal_i2c.o(i.I2C_MasterRequestWrite)
    I2C_MasterRequestWrite                   0x080022f9   Thumb Code   150  stm32f1xx_hal_i2c.o(i.I2C_MasterRequestWrite)
    i.I2C_WaitOnBTFFlagUntilTimeout          0x08002394   Section        0  stm32f1xx_hal_i2c.o(i.I2C_WaitOnBTFFlagUntilTimeout)
    I2C_WaitOnBTFFlagUntilTimeout            0x08002395   Thumb Code    76  stm32f1xx_hal_i2c.o(i.I2C_WaitOnBTFFlagUntilTimeout)
    i.I2C_WaitOnFlagUntilTimeout             0x080023e0   Section        0  stm32f1xx_hal_i2c.o(i.I2C_WaitOnFlagUntilTimeout)
    I2C_WaitOnFlagUntilTimeout               0x080023e1   Thumb Code   104  stm32f1xx_hal_i2c.o(i.I2C_WaitOnFlagUntilTimeout)
    i.I2C_WaitOnMasterAddressFlagUntilTimeout 0x08002448   Section        0  stm32f1xx_hal_i2c.o(i.I2C_WaitOnMasterAddressFlagUntilTimeout)
    I2C_WaitOnMasterAddressFlagUntilTimeout  0x08002449   Thumb Code   150  stm32f1xx_hal_i2c.o(i.I2C_WaitOnMasterAddressFlagUntilTimeout)
    i.I2C_WaitOnTXEFlagUntilTimeout          0x080024de   Section        0  stm32f1xx_hal_i2c.o(i.I2C_WaitOnTXEFlagUntilTimeout)
    I2C_WaitOnTXEFlagUntilTimeout            0x080024df   Thumb Code    76  stm32f1xx_hal_i2c.o(i.I2C_WaitOnTXEFlagUntilTimeout)
    i.MX_ADC1_Init                           0x0800252c   Section        0  main.o(i.MX_ADC1_Init)
    MX_ADC1_Init                             0x0800252d   Thumb Code    68  main.o(i.MX_ADC1_Init)
    i.MX_GPIO_Init                           0x08002578   Section        0  main.o(i.MX_GPIO_Init)
    MX_GPIO_Init                             0x08002579   Thumb Code    98  main.o(i.MX_GPIO_Init)
    i.MX_TIM1_Init                           0x080025e4   Section        0  main.o(i.MX_TIM1_Init)
    MX_TIM1_Init                             0x080025e5   Thumb Code   226  main.o(i.MX_TIM1_Init)
    i.MX_TIM2_Init                           0x080026d0   Section        0  main.o(i.MX_TIM2_Init)
    MX_TIM2_Init                             0x080026d1   Thumb Code    96  main.o(i.MX_TIM2_Init)
    i.MemManage_Handler                      0x08002734   Section        0  stm32f1xx_it.o(i.MemManage_Handler)
    i.NMI_Handler                            0x08002736   Section        0  stm32f1xx_it.o(i.NMI_Handler)
    i.PendSV_Handler                         0x08002738   Section        0  stm32f1xx_it.o(i.PendSV_Handler)
    i.SVC_Handler                            0x0800273a   Section        0  stm32f1xx_it.o(i.SVC_Handler)
    i.SendtoLCD                              0x0800273c   Section        0  main.o(i.SendtoLCD)
    i.SimpleKalmanFilter                     0x080027b0   Section        0  main.o(i.SimpleKalmanFilter)
    i.Sintable                               0x080027bc   Section        0  main.o(i.Sintable)
    i.Sinwave                                0x080028a4   Section        0  main.o(i.Sinwave)
    i.SysTick_Handler                        0x080028b8   Section        0  stm32f1xx_it.o(i.SysTick_Handler)
    i.SystemClock_Config                     0x080028bc   Section        0  main.o(i.SystemClock_Config)
    i.SystemInit                             0x08002934   Section        0  system_stm32f1xx.o(i.SystemInit)
    i.TIM2_IRQHandler                        0x08002938   Section        0  stm32f1xx_it.o(i.TIM2_IRQHandler)
    i.TIM_Base_SetConfig                     0x08002944   Section        0  stm32f1xx_hal_tim.o(i.TIM_Base_SetConfig)
    i.TIM_CCxChannelCmd                      0x080029b0   Section        0  stm32f1xx_hal_tim.o(i.TIM_CCxChannelCmd)
    i.TIM_CCxNChannelCmd                     0x080029ca   Section        0  stm32f1xx_hal_tim_ex.o(i.TIM_CCxNChannelCmd)
    TIM_CCxNChannelCmd                       0x080029cb   Thumb Code    26  stm32f1xx_hal_tim_ex.o(i.TIM_CCxNChannelCmd)
    i.TIM_ETR_SetConfig                      0x080029e4   Section        0  stm32f1xx_hal_tim.o(i.TIM_ETR_SetConfig)
    i.TIM_ITRx_SetConfig                     0x080029f8   Section        0  stm32f1xx_hal_tim.o(i.TIM_ITRx_SetConfig)
    TIM_ITRx_SetConfig                       0x080029f9   Thumb Code    16  stm32f1xx_hal_tim.o(i.TIM_ITRx_SetConfig)
    i.TIM_OC1_SetConfig                      0x08002a08   Section        0  stm32f1xx_hal_tim.o(i.TIM_OC1_SetConfig)
    TIM_OC1_SetConfig                        0x08002a09   Thumb Code    74  stm32f1xx_hal_tim.o(i.TIM_OC1_SetConfig)
    i.TIM_OC2_SetConfig                      0x08002a58   Section        0  stm32f1xx_hal_tim.o(i.TIM_OC2_SetConfig)
    i.TIM_OC3_SetConfig                      0x08002ab0   Section        0  stm32f1xx_hal_tim.o(i.TIM_OC3_SetConfig)
    TIM_OC3_SetConfig                        0x08002ab1   Thumb Code    82  stm32f1xx_hal_tim.o(i.TIM_OC3_SetConfig)
    i.TIM_OC4_SetConfig                      0x08002b08   Section        0  stm32f1xx_hal_tim.o(i.TIM_OC4_SetConfig)
    TIM_OC4_SetConfig                        0x08002b09   Thumb Code    64  stm32f1xx_hal_tim.o(i.TIM_OC4_SetConfig)
    i.TIM_TI1_ConfigInputStage               0x08002b4c   Section        0  stm32f1xx_hal_tim.o(i.TIM_TI1_ConfigInputStage)
    TIM_TI1_ConfigInputStage                 0x08002b4d   Thumb Code    34  stm32f1xx_hal_tim.o(i.TIM_TI1_ConfigInputStage)
    i.TIM_TI2_ConfigInputStage               0x08002b6e   Section        0  stm32f1xx_hal_tim.o(i.TIM_TI2_ConfigInputStage)
    TIM_TI2_ConfigInputStage                 0x08002b6f   Thumb Code    36  stm32f1xx_hal_tim.o(i.TIM_TI2_ConfigInputStage)
    i.UsageFault_Handler                     0x08002b92   Section        0  stm32f1xx_it.o(i.UsageFault_Handler)
    i.__ARM_fpclassify                       0x08002b94   Section        0  fpclassify.o(i.__ARM_fpclassify)
    i.__NVIC_SetPriority                     0x08002bbc   Section        0  stm32f1xx_hal_cortex.o(i.__NVIC_SetPriority)
    __NVIC_SetPriority                       0x08002bbd   Thumb Code    32  stm32f1xx_hal_cortex.o(i.__NVIC_SetPriority)
    i.__ieee754_rem_pio2                     0x08002bdc   Section        0  rred.o(i.__ieee754_rem_pio2)
    i.__kernel_cos                           0x08002f64   Section        0  cos_i.o(i.__kernel_cos)
    i.__kernel_poly                          0x08003060   Section        0  poly.o(i.__kernel_poly)
    i.__kernel_sin                           0x0800310c   Section        0  sin_i.o(i.__kernel_sin)
    i.__mathlib_dbl_infnan                   0x080031f8   Section        0  dunder.o(i.__mathlib_dbl_infnan)
    i.__mathlib_dbl_invalid                  0x080031fe   Section        0  dunder.o(i.__mathlib_dbl_invalid)
    i.__mathlib_dbl_underflow                0x0800320c   Section        0  dunder.o(i.__mathlib_dbl_underflow)
    i.main                                   0x0800321c   Section        0  main.o(i.main)
    i.round                                  0x080033cc   Section        0  round.o(i.round)
    i.sin                                    0x08003460   Section        0  sin.o(i.sin)
    i.updateEstimate                         0x08003500   Section        0  main.o(i.updateEstimate)
    x$fpl$d2f                                0x0800359c   Section       98  d2f.o(x$fpl$d2f)
    x$fpl$dadd                               0x08003600   Section      336  daddsub_clz.o(x$fpl$dadd)
    _dadd1                                   0x08003611   Thumb Code     0  daddsub_clz.o(x$fpl$dadd)
    x$fpl$dcheck1                            0x08003750   Section       16  dcheck1.o(x$fpl$dcheck1)
    x$fpl$dcmpinf                            0x08003760   Section       24  dcmpi.o(x$fpl$dcmpinf)
    x$fpl$ddiv                               0x08003778   Section      688  ddiv.o(x$fpl$ddiv)
    ddiv_entry                               0x0800377f   Thumb Code     0  ddiv.o(x$fpl$ddiv)
    x$fpl$dfix                               0x08003a28   Section       94  dfix.o(x$fpl$dfix)
    x$fpl$dfixu                              0x08003a88   Section       90  dfixu.o(x$fpl$dfixu)
    x$fpl$dflt                               0x08003ae2   Section       46  dflt_clz.o(x$fpl$dflt)
    x$fpl$dfltu                              0x08003b10   Section       38  dflt_clz.o(x$fpl$dfltu)
    x$fpl$dleqf                              0x08003b38   Section      120  dleqf.o(x$fpl$dleqf)
    x$fpl$dmul                               0x08003bb0   Section      340  dmul.o(x$fpl$dmul)
    x$fpl$dnaninf                            0x08003d04   Section      156  dnaninf.o(x$fpl$dnaninf)
    x$fpl$dretinf                            0x08003da0   Section       12  dretinf.o(x$fpl$dretinf)
    x$fpl$drleqf                             0x08003dac   Section      108  drleqf.o(x$fpl$drleqf)
    x$fpl$drnd                               0x08003e18   Section      180  drnd.o(x$fpl$drnd)
    x$fpl$drsb                               0x08003ecc   Section       22  daddsub_clz.o(x$fpl$drsb)
    x$fpl$dsub                               0x08003ee4   Section      468  daddsub_clz.o(x$fpl$dsub)
    _dsub1                                   0x08003ef5   Thumb Code     0  daddsub_clz.o(x$fpl$dsub)
    x$fpl$f2d                                0x080040b8   Section       86  f2d.o(x$fpl$f2d)
    x$fpl$fadd                               0x08004110   Section      196  faddsub_clz.o(x$fpl$fadd)
    _fadd1                                   0x0800411f   Thumb Code     0  faddsub_clz.o(x$fpl$fadd)
    x$fpl$fdiv                               0x080041d4   Section      388  fdiv.o(x$fpl$fdiv)
    _fdiv1                                   0x080041d5   Thumb Code     0  fdiv.o(x$fpl$fdiv)
    x$fpl$ffltu                              0x08004358   Section       38  fflt_clz.o(x$fpl$ffltu)
    x$fpl$fmul                               0x08004380   Section      258  fmul.o(x$fpl$fmul)
    x$fpl$fnaninf                            0x08004482   Section      140  fnaninf.o(x$fpl$fnaninf)
    x$fpl$fretinf                            0x0800450e   Section       10  fretinf.o(x$fpl$fretinf)
    x$fpl$fsub                               0x08004518   Section      234  faddsub_clz.o(x$fpl$fsub)
    _fsub1                                   0x08004527   Thumb Code     0  faddsub_clz.o(x$fpl$fsub)
    x$fpl$retnan                             0x08004602   Section      100  retnan.o(x$fpl$retnan)
    x$fpl$scalbn                             0x08004666   Section       92  scalbn.o(x$fpl$scalbn)
    x$fpl$trapveneer                         0x080046c2   Section       48  trapv.o(x$fpl$trapveneer)
    .constdata                               0x080046f2   Section       16  system_stm32f1xx.o(.constdata)
    x$fpl$usenofp                            0x080046f2   Section        0  usenofp.o(x$fpl$usenofp)
    .constdata                               0x08004702   Section        8  system_stm32f1xx.o(.constdata)
    .constdata                               0x08004710   Section       48  cos_i.o(.constdata)
    C                                        0x08004710   Data          48  cos_i.o(.constdata)
    .constdata                               0x08004740   Section      200  rred.o(.constdata)
    pio2s                                    0x08004740   Data          48  rred.o(.constdata)
    twooverpi                                0x08004770   Data         152  rred.o(.constdata)
    .constdata                               0x08004808   Section       40  sin_i.o(.constdata)
    S                                        0x08004808   Data          40  sin_i.o(.constdata)
    .data                                    0x20000000   Section       64  main.o(.data)
    .data                                    0x20000040   Section       12  stm32f1xx_hal.o(.data)
    .data                                    0x2000004c   Section        4  system_stm32f1xx.o(.data)
    .bss                                     0x20000050   Section     2482  main.o(.bss)
    .bss                                     0x20000a04   Section       68  main.o(.bss)
    .bss                                     0x20000a48   Section       96  libspace.o(.bss)
    HEAP                                     0x20000aa8   Section      512  startup_stm32f103xb.o(HEAP)
    Heap_Mem                                 0x20000aa8   Data         512  startup_stm32f103xb.o(HEAP)
    STACK                                    0x20000ca8   Section     1024  startup_stm32f103xb.o(STACK)
    Stack_Mem                                0x20000ca8   Data        1024  startup_stm32f103xb.o(STACK)
    __initial_sp                             0x200010a8   Data           0  startup_stm32f103xb.o(STACK)

    Global Symbols

    Symbol Name                              Value     Ov Type        Size  Object(Section)

    BuildAttributes$$THM_ISAv4$P$D$K$B$S$PE$A:L22UL41UL21$X:L11$S22US41US21$IEEE1$IW$USESV6$~STKCKD$USESV7$~SHL$OTIME$ROPI$IEEEX$EBA8$UX$STANDARDLIB$REQ8$PRES8$EABIv2 0x00000000   Number         0  anon$$obj.o ABSOLUTE
    __ARM_use_no_argv                        0x00000000   Number         0  main.o ABSOLUTE
    __ARM_exceptions_init                     - Undefined Weak Reference
    __alloca_initialize                       - Undefined Weak Reference
    __arm_preinit_                            - Undefined Weak Reference
    __cpp_initialize__aeabi_                  - Undefined Weak Reference
    __cxa_finalize                            - Undefined Weak Reference
    __rt_locale                               - Undefined Weak Reference
    __sigvec_lookup                           - Undefined Weak Reference
    _atexit_init                              - Undefined Weak Reference
    _call_atexit_fns                          - Undefined Weak Reference
    _clock_init                               - Undefined Weak Reference
    _fp_trap_init                             - Undefined Weak Reference
    _fp_trap_shutdown                         - Undefined Weak Reference
    _get_lc_collate                           - Undefined Weak Reference
    _get_lc_ctype                             - Undefined Weak Reference
    _get_lc_monetary                          - Undefined Weak Reference
    _get_lc_numeric                           - Undefined Weak Reference
    _get_lc_time                              - Undefined Weak Reference
    _getenv_init                              - Undefined Weak Reference
    _handle_redirection                       - Undefined Weak Reference
    _init_alloc                               - Undefined Weak Reference
    _init_user_alloc                          - Undefined Weak Reference
    _initio                                   - Undefined Weak Reference
    _printf_post_padding                      - Undefined Weak Reference
    _printf_pre_padding                       - Undefined Weak Reference
    _printf_truncate_signed                   - Undefined Weak Reference
    _printf_truncate_unsigned                 - Undefined Weak Reference
    _rand_init                                - Undefined Weak Reference
    _signal_finish                            - Undefined Weak Reference
    _signal_init                              - Undefined Weak Reference
    _terminate_alloc                          - Undefined Weak Reference
    _terminate_user_alloc                     - Undefined Weak Reference
    _terminateio                              - Undefined Weak Reference
    __Vectors_Size                           0x000000ec   Number         0  startup_stm32f103xb.o ABSOLUTE
    __Vectors                                0x08000000   Data           4  startup_stm32f103xb.o(RESET)
    __Vectors_End                            0x080000ec   Data           0  startup_stm32f103xb.o(RESET)
    __main                                   0x080000ed   Thumb Code     8  __main.o(!!!main)
    __scatterload                            0x080000f5   Thumb Code     0  __scatter.o(!!!scatter)
    __scatterload_rt2                        0x080000f5   Thumb Code    44  __scatter.o(!!!scatter)
    __scatterload_rt2_thumb_only             0x080000f5   Thumb Code     0  __scatter.o(!!!scatter)
    __scatterload_null                       0x08000103   Thumb Code     0  __scatter.o(!!!scatter)
    __scatterload_copy                       0x08000129   Thumb Code    26  __scatter_copy.o(!!handler_copy)
    __scatterload_zeroinit                   0x08000145   Thumb Code    28  __scatter_zi.o(!!handler_zi)
    _printf_d                                0x08000161   Thumb Code     0  _printf_d.o(.ARM.Collect$$_printf_percent$$00000009)
    _printf_percent                          0x08000161   Thumb Code     0  _printf_percent.o(.ARM.Collect$$_printf_percent$$00000000)
    _printf_percent_end                      0x08000167   Thumb Code     0  _printf_percent_end.o(.ARM.Collect$$_printf_percent$$00000017)
    __rt_lib_init                            0x0800016b   Thumb Code     0  libinit.o(.ARM.Collect$$libinit$$00000000)
    __rt_lib_init_alloca_1                   0x0800016d   Thumb Code     0  libinit2.o(.ARM.Collect$$libinit$$0000002E)
    __rt_lib_init_argv_1                     0x0800016d   Thumb Code     0  libinit2.o(.ARM.Collect$$libinit$$0000002C)
    __rt_lib_init_atexit_1                   0x0800016d   Thumb Code     0  libinit2.o(.ARM.Collect$$libinit$$0000001B)
    __rt_lib_init_clock_1                    0x0800016d   Thumb Code     0  libinit2.o(.ARM.Collect$$libinit$$00000021)
    __rt_lib_init_cpp_1                      0x0800016d   Thumb Code     0  libinit2.o(.ARM.Collect$$libinit$$00000032)
    __rt_lib_init_exceptions_1               0x0800016d   Thumb Code     0  libinit2.o(.ARM.Collect$$libinit$$00000030)
    __rt_lib_init_fp_1                       0x0800016d   Thumb Code     0  libinit2.o(.ARM.Collect$$libinit$$00000002)
    __rt_lib_init_fp_trap_1                  0x0800016d   Thumb Code     0  libinit2.o(.ARM.Collect$$libinit$$0000001F)
    __rt_lib_init_getenv_1                   0x0800016d   Thumb Code     0  libinit2.o(.ARM.Collect$$libinit$$00000023)
    __rt_lib_init_heap_1                     0x0800016d   Thumb Code     0  libinit2.o(.ARM.Collect$$libinit$$0000000A)
    __rt_lib_init_lc_collate_1               0x0800016d   Thumb Code     0  libinit2.o(.ARM.Collect$$libinit$$00000011)
    __rt_lib_init_lc_ctype_1                 0x0800016d   Thumb Code     0  libinit2.o(.ARM.Collect$$libinit$$00000013)
    __rt_lib_init_lc_monetary_1              0x0800016d   Thumb Code     0  libinit2.o(.ARM.Collect$$libinit$$00000015)
    __rt_lib_init_lc_numeric_1               0x0800016d   Thumb Code     0  libinit2.o(.ARM.Collect$$libinit$$00000017)
    __rt_lib_init_lc_time_1                  0x0800016d   Thumb Code     0  libinit2.o(.ARM.Collect$$libinit$$00000019)
    __rt_lib_init_preinit_1                  0x0800016d   Thumb Code     0  libinit2.o(.ARM.Collect$$libinit$$00000004)
    __rt_lib_init_rand_1                     0x0800016d   Thumb Code     0  libinit2.o(.ARM.Collect$$libinit$$0000000E)
    __rt_lib_init_return                     0x0800016d   Thumb Code     0  libinit2.o(.ARM.Collect$$libinit$$00000033)
    __rt_lib_init_signal_1                   0x0800016d   Thumb Code     0  libinit2.o(.ARM.Collect$$libinit$$0000001D)
    __rt_lib_init_stdio_1                    0x0800016d   Thumb Code     0  libinit2.o(.ARM.Collect$$libinit$$00000025)
    __rt_lib_init_user_alloc_1               0x0800016d   Thumb Code     0  libinit2.o(.ARM.Collect$$libinit$$0000000C)
    __rt_lib_shutdown                        0x0800016f   Thumb Code     0  libshutdown.o(.ARM.Collect$$libshutdown$$00000000)
    __rt_lib_shutdown_cpp_1                  0x08000171   Thumb Code     0  libshutdown2.o(.ARM.Collect$$libshutdown$$00000002)
    __rt_lib_shutdown_fp_trap_1              0x08000171   Thumb Code     0  libshutdown2.o(.ARM.Collect$$libshutdown$$00000007)
    __rt_lib_shutdown_heap_1                 0x08000171   Thumb Code     0  libshutdown2.o(.ARM.Collect$$libshutdown$$0000000F)
    __rt_lib_shutdown_return                 0x08000171   Thumb Code     0  libshutdown2.o(.ARM.Collect$$libshutdown$$00000010)
    __rt_lib_shutdown_signal_1               0x08000171   Thumb Code     0  libshutdown2.o(.ARM.Collect$$libshutdown$$0000000A)
    __rt_lib_shutdown_stdio_1                0x08000171   Thumb Code     0  libshutdown2.o(.ARM.Collect$$libshutdown$$00000004)
    __rt_lib_shutdown_user_alloc_1           0x08000171   Thumb Code     0  libshutdown2.o(.ARM.Collect$$libshutdown$$0000000C)
    __rt_entry                               0x08000173   Thumb Code     0  __rtentry.o(.ARM.Collect$$rtentry$$00000000)
    __rt_entry_presh_1                       0x08000173   Thumb Code     0  __rtentry2.o(.ARM.Collect$$rtentry$$00000002)
    __rt_entry_sh                            0x08000173   Thumb Code     0  __rtentry4.o(.ARM.Collect$$rtentry$$00000004)
    __rt_entry_li                            0x08000179   Thumb Code     0  __rtentry2.o(.ARM.Collect$$rtentry$$0000000A)
    __rt_entry_postsh_1                      0x08000179   Thumb Code     0  __rtentry2.o(.ARM.Collect$$rtentry$$00000009)
    __rt_entry_main                          0x0800017d   Thumb Code     0  __rtentry2.o(.ARM.Collect$$rtentry$$0000000D)
    __rt_entry_postli_1                      0x0800017d   Thumb Code     0  __rtentry2.o(.ARM.Collect$$rtentry$$0000000C)
    __rt_exit                                0x08000185   Thumb Code     0  rtexit.o(.ARM.Collect$$rtexit$$00000000)
    __rt_exit_ls                             0x08000187   Thumb Code     0  rtexit2.o(.ARM.Collect$$rtexit$$00000003)
    __rt_exit_prels_1                        0x08000187   Thumb Code     0  rtexit2.o(.ARM.Collect$$rtexit$$00000002)
    __rt_exit_exit                           0x0800018b   Thumb Code     0  rtexit2.o(.ARM.Collect$$rtexit$$00000004)
    Reset_Handler                            0x08000191   Thumb Code     8  startup_stm32f103xb.o(.text)
    ADC1_2_IRQHandler                        0x080001ab   Thumb Code     0  startup_stm32f103xb.o(.text)
    CAN1_RX1_IRQHandler                      0x080001ab   Thumb Code     0  startup_stm32f103xb.o(.text)
    CAN1_SCE_IRQHandler                      0x080001ab   Thumb Code     0  startup_stm32f103xb.o(.text)
    DMA1_Channel2_IRQHandler                 0x080001ab   Thumb Code     0  startup_stm32f103xb.o(.text)
    DMA1_Channel3_IRQHandler                 0x080001ab   Thumb Code     0  startup_stm32f103xb.o(.text)
    DMA1_Channel4_IRQHandler                 0x080001ab   Thumb Code     0  startup_stm32f103xb.o(.text)
    DMA1_Channel5_IRQHandler                 0x080001ab   Thumb Code     0  startup_stm32f103xb.o(.text)
    DMA1_Channel6_IRQHandler                 0x080001ab   Thumb Code     0  startup_stm32f103xb.o(.text)
    DMA1_Channel7_IRQHandler                 0x080001ab   Thumb Code     0  startup_stm32f103xb.o(.text)
    EXTI0_IRQHandler                         0x080001ab   Thumb Code     0  startup_stm32f103xb.o(.text)
    EXTI15_10_IRQHandler                     0x080001ab   Thumb Code     0  startup_stm32f103xb.o(.text)
    EXTI1_IRQHandler                         0x080001ab   Thumb Code     0  startup_stm32f103xb.o(.text)
    EXTI2_IRQHandler                         0x080001ab   Thumb Code     0  startup_stm32f103xb.o(.text)
    EXTI3_IRQHandler                         0x080001ab   Thumb Code     0  startup_stm32f103xb.o(.text)
    EXTI4_IRQHandler                         0x080001ab   Thumb Code     0  startup_stm32f103xb.o(.text)
    EXTI9_5_IRQHandler                       0x080001ab   Thumb Code     0  startup_stm32f103xb.o(.text)
    FLASH_IRQHandler                         0x080001ab   Thumb Code     0  startup_stm32f103xb.o(.text)
    I2C1_ER_IRQHandler                       0x080001ab   Thumb Code     0  startup_stm32f103xb.o(.text)
    I2C1_EV_IRQHandler                       0x080001ab   Thumb Code     0  startup_stm32f103xb.o(.text)
    I2C2_ER_IRQHandler                       0x080001ab   Thumb Code     0  startup_stm32f103xb.o(.text)
    I2C2_EV_IRQHandler                       0x080001ab   Thumb Code     0  startup_stm32f103xb.o(.text)
    PVD_IRQHandler                           0x080001ab   Thumb Code     0  startup_stm32f103xb.o(.text)
    RCC_IRQHandler                           0x080001ab   Thumb Code     0  startup_stm32f103xb.o(.text)
    RTC_Alarm_IRQHandler                     0x080001ab   Thumb Code     0  startup_stm32f103xb.o(.text)
    RTC_IRQHandler                           0x080001ab   Thumb Code     0  startup_stm32f103xb.o(.text)
    SPI1_IRQHandler                          0x080001ab   Thumb Code     0  startup_stm32f103xb.o(.text)
    SPI2_IRQHandler                          0x080001ab   Thumb Code     0  startup_stm32f103xb.o(.text)
    TAMPER_IRQHandler                        0x080001ab   Thumb Code     0  startup_stm32f103xb.o(.text)
    TIM1_BRK_IRQHandler                      0x080001ab   Thumb Code     0  startup_stm32f103xb.o(.text)
    TIM1_CC_IRQHandler                       0x080001ab   Thumb Code     0  startup_stm32f103xb.o(.text)
    TIM1_TRG_COM_IRQHandler                  0x080001ab   Thumb Code     0  startup_stm32f103xb.o(.text)
    TIM1_UP_IRQHandler                       0x080001ab   Thumb Code     0  startup_stm32f103xb.o(.text)
    TIM3_IRQHandler                          0x080001ab   Thumb Code     0  startup_stm32f103xb.o(.text)
    TIM4_IRQHandler                          0x080001ab   Thumb Code     0  startup_stm32f103xb.o(.text)
    USART1_IRQHandler                        0x080001ab   Thumb Code     0  startup_stm32f103xb.o(.text)
    USART2_IRQHandler                        0x080001ab   Thumb Code     0  startup_stm32f103xb.o(.text)
    USART3_IRQHandler                        0x080001ab   Thumb Code     0  startup_stm32f103xb.o(.text)
    USBWakeUp_IRQHandler                     0x080001ab   Thumb Code     0  startup_stm32f103xb.o(.text)
    USB_HP_CAN1_TX_IRQHandler                0x080001ab   Thumb Code     0  startup_stm32f103xb.o(.text)
    USB_LP_CAN1_RX0_IRQHandler               0x080001ab   Thumb Code     0  startup_stm32f103xb.o(.text)
    WWDG_IRQHandler                          0x080001ab   Thumb Code     0  startup_stm32f103xb.o(.text)
    __user_initial_stackheap                 0x080001ad   Thumb Code     0  startup_stm32f103xb.o(.text)
    __2sprintf                               0x080001d1   Thumb Code    34  noretval__2sprintf.o(.text)
    __printf                                 0x080001f9   Thumb Code   104  __printf.o(.text)
    _printf_int_dec                          0x08000261   Thumb Code   104  _printf_dec.o(.text)
    __aeabi_memclr4                          0x080002d9   Thumb Code     0  rt_memclr_w.o(.text)
    __aeabi_memclr8                          0x080002d9   Thumb Code     0  rt_memclr_w.o(.text)
    __rt_memclr_w                            0x080002d9   Thumb Code    78  rt_memclr_w.o(.text)
    _memset_w                                0x080002dd   Thumb Code     0  rt_memclr_w.o(.text)
    __use_two_region_memory                  0x08000327   Thumb Code     2  heapauxi.o(.text)
    __rt_heap_escrow$2region                 0x08000329   Thumb Code     2  heapauxi.o(.text)
    __rt_heap_expand$2region                 0x0800032b   Thumb Code     2  heapauxi.o(.text)
    __read_errno                             0x0800032d   Thumb Code    10  _rserrno.o(.text)
    __set_errno                              0x08000337   Thumb Code    12  _rserrno.o(.text)
    _printf_int_common                       0x08000343   Thumb Code   178  _printf_intcommon.o(.text)
    _printf_char_common                      0x080003ff   Thumb Code    32  _printf_char_common.o(.text)
    _sputc                                   0x08000425   Thumb Code    10  _sputc.o(.text)
    __aeabi_errno_addr                       0x08000431   Thumb Code     8  rt_errno_addr_intlibspace.o(.text)
    __errno$intlibspace                      0x08000431   Thumb Code     0  rt_errno_addr_intlibspace.o(.text)
    __rt_errno_addr$intlibspace              0x08000431   Thumb Code     0  rt_errno_addr_intlibspace.o(.text)
    __user_libspace                          0x08000439   Thumb Code     8  libspace.o(.text)
    __user_perproc_libspace                  0x08000439   Thumb Code     0  libspace.o(.text)
    __user_perthread_libspace                0x08000439   Thumb Code     0  libspace.o(.text)
    __user_setup_stackheap                   0x08000441   Thumb Code    74  sys_stackheap_outer.o(.text)
    exit                                     0x0800048b   Thumb Code    18  exit.o(.text)
    _sys_exit                                0x0800049d   Thumb Code     8  sys_exit.o(.text)
    __I$use$semihosting                      0x080004a9   Thumb Code     0  use_no_semi.o(.text)
    __use_no_semihosting_swi                 0x080004a9   Thumb Code     2  use_no_semi.o(.text)
    __semihosting_library_function           0x080004ab   Thumb Code     0  indicate_semi.o(.text)
    ADC_ConversionStop_Disable               0x080004ad   Thumb Code    86  stm32f1xx_hal_adc.o(i.ADC_ConversionStop_Disable)
    ADC_DMAConvCplt                          0x08000503   Thumb Code    78  stm32f1xx_hal_adc.o(i.ADC_DMAConvCplt)
    ADC_DMAError                             0x08000551   Thumb Code    26  stm32f1xx_hal_adc.o(i.ADC_DMAError)
    ADC_DMAHalfConvCplt                      0x0800056b   Thumb Code    10  stm32f1xx_hal_adc.o(i.ADC_DMAHalfConvCplt)
    ADC_Enable                               0x08000575   Thumb Code   114  stm32f1xx_hal_adc.o(i.ADC_Enable)
    BusFault_Handler                         0x080005f1   Thumb Code     2  stm32f1xx_it.o(i.BusFault_Handler)
    CLCD_I2C_Clear                           0x080005f3   Thumb Code    20  clcd_i2c.o(i.CLCD_I2C_Clear)
    CLCD_I2C_Init                            0x08000607   Thumb Code   162  clcd_i2c.o(i.CLCD_I2C_Init)
    CLCD_I2C_SetCursor                       0x080006a9   Thumb Code    68  clcd_i2c.o(i.CLCD_I2C_SetCursor)
    CLCD_I2C_WriteChar                       0x080006ed   Thumb Code     6  clcd_i2c.o(i.CLCD_I2C_WriteChar)
    CLCD_I2C_WriteString                     0x080006f3   Thumb Code    24  clcd_i2c.o(i.CLCD_I2C_WriteString)
    DMA1_Channel1_IRQHandler                 0x08000775   Thumb Code     6  stm32f1xx_it.o(i.DMA1_Channel1_IRQHandler)
    DebugMon_Handler                         0x080007ab   Thumb Code     2  stm32f1xx_it.o(i.DebugMon_Handler)
    Error                                    0x080007ad   Thumb Code    66  main.o(i.Error)
    Error_Handler                            0x0800080d   Thumb Code     4  main.o(i.Error_Handler)
    Frenormal                                0x08000811   Thumb Code    72  main.o(i.Frenormal)
    Frezero                                  0x08000871   Thumb Code    32  main.o(i.Frezero)
    HAL_ADC_ConfigChannel                    0x08000899   Thumb Code   240  stm32f1xx_hal_adc.o(i.HAL_ADC_ConfigChannel)
    HAL_ADC_ConvCpltCallback                 0x08000995   Thumb Code     2  stm32f1xx_hal_adc.o(i.HAL_ADC_ConvCpltCallback)
    HAL_ADC_ConvHalfCpltCallback             0x08000997   Thumb Code     2  stm32f1xx_hal_adc.o(i.HAL_ADC_ConvHalfCpltCallback)
    HAL_ADC_ErrorCallback                    0x08000999   Thumb Code     2  stm32f1xx_hal_adc.o(i.HAL_ADC_ErrorCallback)
    HAL_ADC_Init                             0x0800099d   Thumb Code   272  stm32f1xx_hal_adc.o(i.HAL_ADC_Init)
    HAL_ADC_MspInit                          0x08000ab9   Thumb Code   122  stm32f1xx_hal_msp.o(i.HAL_ADC_MspInit)
    HAL_ADC_Start_DMA                        0x08000b49   Thumb Code   246  stm32f1xx_hal_adc.o(i.HAL_ADC_Start_DMA)
    HAL_ADC_Stop_DMA                         0x08000c55   Thumb Code    86  stm32f1xx_hal_adc.o(i.HAL_ADC_Stop_DMA)
    HAL_DMA_Abort                            0x08000cab   Thumb Code    70  stm32f1xx_hal_dma.o(i.HAL_DMA_Abort)
    HAL_DMA_IRQHandler                       0x08000cf1   Thumb Code   316  stm32f1xx_hal_dma.o(i.HAL_DMA_IRQHandler)
    HAL_DMA_Init                             0x08000e45   Thumb Code    84  stm32f1xx_hal_dma.o(i.HAL_DMA_Init)
    HAL_DMA_Start_IT                         0x08000ea1   Thumb Code   112  stm32f1xx_hal_dma.o(i.HAL_DMA_Start_IT)
    HAL_Delay                                0x08000f11   Thumb Code    32  stm32f1xx_hal.o(i.HAL_Delay)
    HAL_GPIO_Init                            0x08000f35   Thumb Code   446  stm32f1xx_hal_gpio.o(i.HAL_GPIO_Init)
    HAL_GPIO_ReadPin                         0x08001115   Thumb Code    10  stm32f1xx_hal_gpio.o(i.HAL_GPIO_ReadPin)
    HAL_GetTick                              0x08001121   Thumb Code     6  stm32f1xx_hal.o(i.HAL_GetTick)
    HAL_I2C_Init                             0x0800112d   Thumb Code   376  stm32f1xx_hal_i2c.o(i.HAL_I2C_Init)
    HAL_I2C_Master_Transmit                  0x080012b5   Thumb Code   290  stm32f1xx_hal_i2c.o(i.HAL_I2C_Master_Transmit)
    HAL_I2C_MspInit                          0x080013e1   Thumb Code    80  stm32f1xx_hal_msp.o(i.HAL_I2C_MspInit)
    HAL_IncTick                              0x0800143d   Thumb Code    12  stm32f1xx_hal.o(i.HAL_IncTick)
    HAL_Init                                 0x0800144d   Thumb Code    32  stm32f1xx_hal.o(i.HAL_Init)
    HAL_InitTick                             0x08001471   Thumb Code    54  stm32f1xx_hal.o(i.HAL_InitTick)
    HAL_MspInit                              0x080014b1   Thumb Code    52  stm32f1xx_hal_msp.o(i.HAL_MspInit)
    HAL_NVIC_EnableIRQ                       0x080014ed   Thumb Code    26  stm32f1xx_hal_cortex.o(i.HAL_NVIC_EnableIRQ)
    HAL_NVIC_SetPriority                     0x08001509   Thumb Code    60  stm32f1xx_hal_cortex.o(i.HAL_NVIC_SetPriority)
    HAL_NVIC_SetPriorityGrouping             0x08001549   Thumb Code    26  stm32f1xx_hal_cortex.o(i.HAL_NVIC_SetPriorityGrouping)
    HAL_RCCEx_PeriphCLKConfig                0x0800156d   Thumb Code   224  stm32f1xx_hal_rcc_ex.o(i.HAL_RCCEx_PeriphCLKConfig)
    HAL_RCC_ClockConfig                      0x08001659   Thumb Code   280  stm32f1xx_hal_rcc.o(i.HAL_RCC_ClockConfig)
    HAL_RCC_GetPCLK1Freq                     0x08001785   Thumb Code    20  stm32f1xx_hal_rcc.o(i.HAL_RCC_GetPCLK1Freq)
    HAL_RCC_GetSysClockFreq                  0x080017a5   Thumb Code    74  stm32f1xx_hal_rcc.o(i.HAL_RCC_GetSysClockFreq)
    HAL_RCC_OscConfig                        0x08001811   Thumb Code   778  stm32f1xx_hal_rcc.o(i.HAL_RCC_OscConfig)
    HAL_SYSTICK_Config                       0x08001b31   Thumb Code    40  stm32f1xx_hal_cortex.o(i.HAL_SYSTICK_Config)
    HAL_TIMEx_BreakCallback                  0x08001b59   Thumb Code     2  stm32f1xx_hal_tim_ex.o(i.HAL_TIMEx_BreakCallback)
    HAL_TIMEx_CommutCallback                 0x08001b5b   Thumb Code     2  stm32f1xx_hal_tim_ex.o(i.HAL_TIMEx_CommutCallback)
    HAL_TIMEx_ConfigBreakDeadTime            0x08001b5d   Thumb Code    84  stm32f1xx_hal_tim_ex.o(i.HAL_TIMEx_ConfigBreakDeadTime)
    HAL_TIMEx_MasterConfigSynchronization    0x08001bb1   Thumb Code    92  stm32f1xx_hal_tim_ex.o(i.HAL_TIMEx_MasterConfigSynchronization)
    HAL_TIMEx_PWMN_Start                     0x08001c19   Thumb Code   140  stm32f1xx_hal_tim_ex.o(i.HAL_TIMEx_PWMN_Start)
    HAL_TIM_Base_Init                        0x08001cb1   Thumb Code    90  stm32f1xx_hal_tim.o(i.HAL_TIM_Base_Init)
    HAL_TIM_Base_MspInit                     0x08001d0d   Thumb Code    72  stm32f1xx_hal_msp.o(i.HAL_TIM_Base_MspInit)
    HAL_TIM_Base_Start_IT                    0x08001d5d   Thumb Code    76  stm32f1xx_hal_tim.o(i.HAL_TIM_Base_Start_IT)
    HAL_TIM_ConfigClockSource                0x08001db5   Thumb Code   214  stm32f1xx_hal_tim.o(i.HAL_TIM_ConfigClockSource)
    HAL_TIM_IC_CaptureCallback               0x08001e8b   Thumb Code     2  stm32f1xx_hal_tim.o(i.HAL_TIM_IC_CaptureCallback)
    HAL_TIM_IRQHandler                       0x08001e8d   Thumb Code   358  stm32f1xx_hal_tim.o(i.HAL_TIM_IRQHandler)
    HAL_TIM_MspPostInit                      0x08001ff5   Thumb Code    98  stm32f1xx_hal_msp.o(i.HAL_TIM_MspPostInit)
    HAL_TIM_OC_DelayElapsedCallback          0x08002069   Thumb Code     2  stm32f1xx_hal_tim.o(i.HAL_TIM_OC_DelayElapsedCallback)
    HAL_TIM_PWM_ConfigChannel                0x0800206b   Thumb Code   198  stm32f1xx_hal_tim.o(i.HAL_TIM_PWM_ConfigChannel)
    HAL_TIM_PWM_Init                         0x08002131   Thumb Code    90  stm32f1xx_hal_tim.o(i.HAL_TIM_PWM_Init)
    HAL_TIM_PWM_MspInit                      0x0800218b   Thumb Code     2  stm32f1xx_hal_tim.o(i.HAL_TIM_PWM_MspInit)
    HAL_TIM_PWM_PulseFinishedCallback        0x0800218d   Thumb Code     2  stm32f1xx_hal_tim.o(i.HAL_TIM_PWM_PulseFinishedCallback)
    HAL_TIM_PWM_Start                        0x08002191   Thumb Code   144  stm32f1xx_hal_tim.o(i.HAL_TIM_PWM_Start)
    HAL_TIM_PeriodElapsedCallback            0x0800222d   Thumb Code   132  main.o(i.HAL_TIM_PeriodElapsedCallback)
    HAL_TIM_TriggerCallback                  0x080022c5   Thumb Code     2  stm32f1xx_hal_tim.o(i.HAL_TIM_TriggerCallback)
    HardFault_Handler                        0x080022c7   Thumb Code     2  stm32f1xx_it.o(i.HardFault_Handler)
    MemManage_Handler                        0x08002735   Thumb Code     2  stm32f1xx_it.o(i.MemManage_Handler)
    NMI_Handler                              0x08002737   Thumb Code     2  stm32f1xx_it.o(i.NMI_Handler)
    PendSV_Handler                           0x08002739   Thumb Code     2  stm32f1xx_it.o(i.PendSV_Handler)
    SVC_Handler                              0x0800273b   Thumb Code     2  stm32f1xx_it.o(i.SVC_Handler)
    SendtoLCD                                0x0800273d   Thumb Code    78  main.o(i.SendtoLCD)
    SimpleKalmanFilter                       0x080027b1   Thumb Code     8  main.o(i.SimpleKalmanFilter)
    Sintable                                 0x080027bd   Thumb Code   186  main.o(i.Sintable)
    Sinwave                                  0x080028a5   Thumb Code    14  main.o(i.Sinwave)
    SysTick_Handler                          0x080028b9   Thumb Code     4  stm32f1xx_it.o(i.SysTick_Handler)
    SystemClock_Config                       0x080028bd   Thumb Code   120  main.o(i.SystemClock_Config)
    SystemInit                               0x08002935   Thumb Code     2  system_stm32f1xx.o(i.SystemInit)
    TIM2_IRQHandler                          0x08002939   Thumb Code     6  stm32f1xx_it.o(i.TIM2_IRQHandler)
    TIM_Base_SetConfig                       0x08002945   Thumb Code    94  stm32f1xx_hal_tim.o(i.TIM_Base_SetConfig)
    TIM_CCxChannelCmd                        0x080029b1   Thumb Code    26  stm32f1xx_hal_tim.o(i.TIM_CCxChannelCmd)
    TIM_ETR_SetConfig                        0x080029e5   Thumb Code    20  stm32f1xx_hal_tim.o(i.TIM_ETR_SetConfig)
    TIM_OC2_SetConfig                        0x08002a59   Thumb Code    84  stm32f1xx_hal_tim.o(i.TIM_OC2_SetConfig)
    UsageFault_Handler                       0x08002b93   Thumb Code     2  stm32f1xx_it.o(i.UsageFault_Handler)
    __ARM_fpclassify                         0x08002b95   Thumb Code    40  fpclassify.o(i.__ARM_fpclassify)
    __ieee754_rem_pio2                       0x08002bdd   Thumb Code   828  rred.o(i.__ieee754_rem_pio2)
    __kernel_cos                             0x08002f65   Thumb Code   230  cos_i.o(i.__kernel_cos)
    __kernel_poly                            0x08003061   Thumb Code   170  poly.o(i.__kernel_poly)
    __kernel_sin                             0x0800310d   Thumb Code   224  sin_i.o(i.__kernel_sin)
    __mathlib_dbl_infnan                     0x080031f9   Thumb Code     6  dunder.o(i.__mathlib_dbl_infnan)
    __mathlib_dbl_invalid                    0x080031ff   Thumb Code    12  dunder.o(i.__mathlib_dbl_invalid)
    __mathlib_dbl_underflow                  0x0800320d   Thumb Code    10  dunder.o(i.__mathlib_dbl_underflow)
    main                                     0x0800321d   Thumb Code   394  main.o(i.main)
    round                                    0x080033cd   Thumb Code   136  round.o(i.round)
    sin                                      0x08003461   Thumb Code   150  sin.o(i.sin)
    updateEstimate                           0x08003501   Thumb Code   148  main.o(i.updateEstimate)
    __aeabi_d2f                              0x0800359d   Thumb Code     0  d2f.o(x$fpl$d2f)
    _d2f                                     0x0800359d   Thumb Code    98  d2f.o(x$fpl$d2f)
    __aeabi_dadd                             0x08003601   Thumb Code     0  daddsub_clz.o(x$fpl$dadd)
    _dadd                                    0x08003601   Thumb Code   332  daddsub_clz.o(x$fpl$dadd)
    __fpl_dcheck_NaN1                        0x08003751   Thumb Code    10  dcheck1.o(x$fpl$dcheck1)
    __fpl_dcmp_Inf                           0x08003761   Thumb Code    24  dcmpi.o(x$fpl$dcmpinf)
    __aeabi_ddiv                             0x08003779   Thumb Code     0  ddiv.o(x$fpl$ddiv)
    _ddiv                                    0x08003779   Thumb Code   552  ddiv.o(x$fpl$ddiv)
    __aeabi_d2iz                             0x08003a29   Thumb Code     0  dfix.o(x$fpl$dfix)
    _dfix                                    0x08003a29   Thumb Code    94  dfix.o(x$fpl$dfix)
    __aeabi_d2uiz                            0x08003a89   Thumb Code     0  dfixu.o(x$fpl$dfixu)
    _dfixu                                   0x08003a89   Thumb Code    90  dfixu.o(x$fpl$dfixu)
    __aeabi_i2d                              0x08003ae3   Thumb Code     0  dflt_clz.o(x$fpl$dflt)
    _dflt                                    0x08003ae3   Thumb Code    46  dflt_clz.o(x$fpl$dflt)
    __aeabi_ui2d                             0x08003b11   Thumb Code     0  dflt_clz.o(x$fpl$dfltu)
    _dfltu                                   0x08003b11   Thumb Code    38  dflt_clz.o(x$fpl$dfltu)
    __aeabi_cdcmple                          0x08003b39   Thumb Code     0  dleqf.o(x$fpl$dleqf)
    _dcmple                                  0x08003b39   Thumb Code   120  dleqf.o(x$fpl$dleqf)
    __fpl_dcmple_InfNaN                      0x08003b9b   Thumb Code     0  dleqf.o(x$fpl$dleqf)
    __aeabi_dmul                             0x08003bb1   Thumb Code     0  dmul.o(x$fpl$dmul)
    _dmul                                    0x08003bb1   Thumb Code   332  dmul.o(x$fpl$dmul)
    __fpl_dnaninf                            0x08003d05   Thumb Code   156  dnaninf.o(x$fpl$dnaninf)
    __fpl_dretinf                            0x08003da1   Thumb Code    12  dretinf.o(x$fpl$dretinf)
    __aeabi_cdrcmple                         0x08003dad   Thumb Code     0  drleqf.o(x$fpl$drleqf)
    _drcmple                                 0x08003dad   Thumb Code   108  drleqf.o(x$fpl$drleqf)
    _drnd                                    0x08003e19   Thumb Code   180  drnd.o(x$fpl$drnd)
    __aeabi_drsub                            0x08003ecd   Thumb Code     0  daddsub_clz.o(x$fpl$drsb)
    _drsb                                    0x08003ecd   Thumb Code    22  daddsub_clz.o(x$fpl$drsb)
    __aeabi_dsub                             0x08003ee5   Thumb Code     0  daddsub_clz.o(x$fpl$dsub)
    _dsub                                    0x08003ee5   Thumb Code   464  daddsub_clz.o(x$fpl$dsub)
    __aeabi_f2d                              0x080040b9   Thumb Code     0  f2d.o(x$fpl$f2d)
    _f2d                                     0x080040b9   Thumb Code    86  f2d.o(x$fpl$f2d)
    __aeabi_fadd                             0x08004111   Thumb Code     0  faddsub_clz.o(x$fpl$fadd)
    _fadd                                    0x08004111   Thumb Code   196  faddsub_clz.o(x$fpl$fadd)
    __aeabi_fdiv                             0x080041d5   Thumb Code     0  fdiv.o(x$fpl$fdiv)
    _fdiv                                    0x080041d5   Thumb Code   384  fdiv.o(x$fpl$fdiv)
    __aeabi_ui2f                             0x08004359   Thumb Code     0  fflt_clz.o(x$fpl$ffltu)
    _ffltu                                   0x08004359   Thumb Code    38  fflt_clz.o(x$fpl$ffltu)
    __aeabi_fmul                             0x08004381   Thumb Code     0  fmul.o(x$fpl$fmul)
    _fmul                                    0x08004381   Thumb Code   258  fmul.o(x$fpl$fmul)
    __fpl_fnaninf                            0x08004483   Thumb Code   140  fnaninf.o(x$fpl$fnaninf)
    __fpl_fretinf                            0x0800450f   Thumb Code    10  fretinf.o(x$fpl$fretinf)
    __aeabi_fsub                             0x08004519   Thumb Code     0  faddsub_clz.o(x$fpl$fsub)
    _fsub                                    0x08004519   Thumb Code   234  faddsub_clz.o(x$fpl$fsub)
    __fpl_return_NaN                         0x08004603   Thumb Code   100  retnan.o(x$fpl$retnan)
    __ARM_scalbn                             0x08004667   Thumb Code    92  scalbn.o(x$fpl$scalbn)
    __fpl_cmpreturn                          0x080046c3   Thumb Code    48  trapv.o(x$fpl$trapveneer)
    AHBPrescTable                            0x080046f2   Data          16  system_stm32f1xx.o(.constdata)
    __I$use$fp                               0x080046f2   Number         0  usenofp.o(x$fpl$usenofp)
    APBPrescTable                            0x08004702   Data           8  system_stm32f1xx.o(.constdata)
    Region$$Table$$Base                      0x08004830   Number         0  anon$$obj.o(Region$$Table)
    Region$$Table$$Limit                     0x08004850   Number         0  anon$$obj.o(Region$$Table)
    ARRMAX                                   0x20000000   Data           2  main.o(.data)
    Fre                                      0x20000004   Data           4  main.o(.data)
    ReFre                                    0x20000008   Data           4  main.o(.data)
    c                                        0x2000000c   Data           4  main.o(.data)
    AM                                       0x20000010   Data           4  main.o(.data)
    k                                        0x20000014   Data           4  main.o(.data)
    pha                                      0x20000018   Data           4  main.o(.data)
    data1                                    0x2000001c   Data           4  main.o(.data)
    _err_measure                             0x20000020   Data           4  main.o(.data)
    _err_estimate                            0x20000024   Data           4  main.o(.data)
    _q                                       0x20000028   Data           4  main.o(.data)
    _current_estimate                        0x2000002c   Data           4  main.o(.data)
    _last_estimate                           0x20000030   Data           4  main.o(.data)
    _kalman_gain                             0x20000034   Data           4  main.o(.data)
    u                                        0x20000038   Data           4  main.o(.data)
    u_kalman                                 0x2000003c   Data           4  main.o(.data)
    uwTickFreq                               0x20000040   Data           1  stm32f1xx_hal.o(.data)
    uwTickPrio                               0x20000044   Data           4  stm32f1xx_hal.o(.data)
    uwTick                                   0x20000048   Data           4  stm32f1xx_hal.o(.data)
    SystemCoreClock                          0x2000004c   Data           4  system_stm32f1xx.o(.data)
    hadc1                                    0x20000050   Data          48  main.o(.bss)
    hi2c1                                    0x20000080   Data          84  main.o(.bss)
    htim1                                    0x200000d4   Data          72  main.o(.bss)
    htim2                                    0x2000011c   Data          72  main.o(.bss)
    LCD1                                     0x20000164   Data          12  main.o(.bss)
    str1                                     0x20000170   Data          17  main.o(.bss)
    str2                                     0x20000181   Data          17  main.o(.bss)
    Songsin1                                 0x20000192   Data         720  main.o(.bss)
    Songsin2                                 0x20000462   Data         720  main.o(.bss)
    Songsin3                                 0x20000732   Data         720  main.o(.bss)
    hdma_adc1                                0x20000a04   Data          68  main.o(.bss)
    __libspace_start                         0x20000a48   Data          96  libspace.o(.bss)
    __temporary_stack_top$libspace           0x20000aa8   Data           0  libspace.o(.bss)



==============================================================================

Memory Map of the image

  Image Entry point : 0x080000ed

  Load Region LR_IROM1 (Base: 0x08000000, Size: 0x000048a0, Max: 0x00010000, ABSOLUTE)

    Execution Region ER_IROM1 (Exec base: 0x08000000, Load base: 0x08000000, Size: 0x00004850, Max: 0x00010000, ABSOLUTE)

    Exec Addr    Load Addr    Size         Type   Attr      Idx    E Section Name        Object

    0x08000000   0x08000000   0x000000ec   Data   RO            3    RESET               startup_stm32f103xb.o
    0x080000ec   0x080000ec   0x00000008   Code   RO         3361  * !!!main             c_w.l(__main.o)
    0x080000f4   0x080000f4   0x00000034   Code   RO         3649    !!!scatter          c_w.l(__scatter.o)
    0x08000128   0x08000128   0x0000001a   Code   RO         3651    !!handler_copy      c_w.l(__scatter_copy.o)
    0x08000142   0x08000142   0x00000002   PAD
    0x08000144   0x08000144   0x0000001c   Code   RO         3653    !!handler_zi        c_w.l(__scatter_zi.o)
    0x08000160   0x08000160   0x00000000   Code   RO         3356    .ARM.Collect$$_printf_percent$$00000000  c_w.l(_printf_percent.o)
    0x08000160   0x08000160   0x00000006   Code   RO         3355    .ARM.Collect$$_printf_percent$$00000009  c_w.l(_printf_d.o)
    0x08000166   0x08000166   0x00000004   Code   RO         3430    .ARM.Collect$$_printf_percent$$00000017  c_w.l(_printf_percent_end.o)
    0x0800016a   0x0800016a   0x00000002   Code   RO         3516    .ARM.Collect$$libinit$$00000000  c_w.l(libinit.o)
    0x0800016c   0x0800016c   0x00000000   Code   RO         3522    .ARM.Collect$$libinit$$00000002  c_w.l(libinit2.o)
    0x0800016c   0x0800016c   0x00000000   Code   RO         3524    .ARM.Collect$$libinit$$00000004  c_w.l(libinit2.o)
    0x0800016c   0x0800016c   0x00000000   Code   RO         3527    .ARM.Collect$$libinit$$0000000A  c_w.l(libinit2.o)
    0x0800016c   0x0800016c   0x00000000   Code   RO         3529    .ARM.Collect$$libinit$$0000000C  c_w.l(libinit2.o)
    0x0800016c   0x0800016c   0x00000000   Code   RO         3531    .ARM.Collect$$libinit$$0000000E  c_w.l(libinit2.o)
    0x0800016c   0x0800016c   0x00000000   Code   RO         3534    .ARM.Collect$$libinit$$00000011  c_w.l(libinit2.o)
    0x0800016c   0x0800016c   0x00000000   Code   RO         3536    .ARM.Collect$$libinit$$00000013  c_w.l(libinit2.o)
    0x0800016c   0x0800016c   0x00000000   Code   RO         3538    .ARM.Collect$$libinit$$00000015  c_w.l(libinit2.o)
    0x0800016c   0x0800016c   0x00000000   Code   RO         3540    .ARM.Collect$$libinit$$00000017  c_w.l(libinit2.o)
    0x0800016c   0x0800016c   0x00000000   Code   RO         3542    .ARM.Collect$$libinit$$00000019  c_w.l(libinit2.o)
    0x0800016c   0x0800016c   0x00000000   Code   RO         3544    .ARM.Collect$$libinit$$0000001B  c_w.l(libinit2.o)
    0x0800016c   0x0800016c   0x00000000   Code   RO         3546    .ARM.Collect$$libinit$$0000001D  c_w.l(libinit2.o)
    0x0800016c   0x0800016c   0x00000000   Code   RO         3548    .ARM.Collect$$libinit$$0000001F  c_w.l(libinit2.o)
    0x0800016c   0x0800016c   0x00000000   Code   RO         3550    .ARM.Collect$$libinit$$00000021  c_w.l(libinit2.o)
    0x0800016c   0x0800016c   0x00000000   Code   RO         3552    .ARM.Collect$$libinit$$00000023  c_w.l(libinit2.o)
    0x0800016c   0x0800016c   0x00000000   Code   RO         3554    .ARM.Collect$$libinit$$00000025  c_w.l(libinit2.o)
    0x0800016c   0x0800016c   0x00000000   Code   RO         3558    .ARM.Collect$$libinit$$0000002C  c_w.l(libinit2.o)
    0x0800016c   0x0800016c   0x00000000   Code   RO         3560    .ARM.Collect$$libinit$$0000002E  c_w.l(libinit2.o)
    0x0800016c   0x0800016c   0x00000000   Code   RO         3562    .ARM.Collect$$libinit$$00000030  c_w.l(libinit2.o)
    0x0800016c   0x0800016c   0x00000000   Code   RO         3564    .ARM.Collect$$libinit$$00000032  c_w.l(libinit2.o)
    0x0800016c   0x0800016c   0x00000002   Code   RO         3565    .ARM.Collect$$libinit$$00000033  c_w.l(libinit2.o)
    0x0800016e   0x0800016e   0x00000002   Code   RO         3589    .ARM.Collect$$libshutdown$$00000000  c_w.l(libshutdown.o)
    0x08000170   0x08000170   0x00000000   Code   RO         3602    .ARM.Collect$$libshutdown$$00000002  c_w.l(libshutdown2.o)
    0x08000170   0x08000170   0x00000000   Code   RO         3604    .ARM.Collect$$libshutdown$$00000004  c_w.l(libshutdown2.o)
    0x08000170   0x08000170   0x00000000   Code   RO         3607    .ARM.Collect$$libshutdown$$00000007  c_w.l(libshutdown2.o)
    0x08000170   0x08000170   0x00000000   Code   RO         3610    .ARM.Collect$$libshutdown$$0000000A  c_w.l(libshutdown2.o)
    0x08000170   0x08000170   0x00000000   Code   RO         3612    .ARM.Collect$$libshutdown$$0000000C  c_w.l(libshutdown2.o)
    0x08000170   0x08000170   0x00000000   Code   RO         3615    .ARM.Collect$$libshutdown$$0000000F  c_w.l(libshutdown2.o)
    0x08000170   0x08000170   0x00000002   Code   RO         3616    .ARM.Collect$$libshutdown$$00000010  c_w.l(libshutdown2.o)
    0x08000172   0x08000172   0x00000000   Code   RO         3421    .ARM.Collect$$rtentry$$00000000  c_w.l(__rtentry.o)
    0x08000172   0x08000172   0x00000000   Code   RO         3475    .ARM.Collect$$rtentry$$00000002  c_w.l(__rtentry2.o)
    0x08000172   0x08000172   0x00000006   Code   RO         3487    .ARM.Collect$$rtentry$$00000004  c_w.l(__rtentry4.o)
    0x08000178   0x08000178   0x00000000   Code   RO         3477    .ARM.Collect$$rtentry$$00000009  c_w.l(__rtentry2.o)
    0x08000178   0x08000178   0x00000004   Code   RO         3478    .ARM.Collect$$rtentry$$0000000A  c_w.l(__rtentry2.o)
    0x0800017c   0x0800017c   0x00000000   Code   RO         3480    .ARM.Collect$$rtentry$$0000000C  c_w.l(__rtentry2.o)
    0x0800017c   0x0800017c   0x00000008   Code   RO         3481    .ARM.Collect$$rtentry$$0000000D  c_w.l(__rtentry2.o)
    0x08000184   0x08000184   0x00000002   Code   RO         3519    .ARM.Collect$$rtexit$$00000000  c_w.l(rtexit.o)
    0x08000186   0x08000186   0x00000000   Code   RO         3569    .ARM.Collect$$rtexit$$00000002  c_w.l(rtexit2.o)
    0x08000186   0x08000186   0x00000004   Code   RO         3570    .ARM.Collect$$rtexit$$00000003  c_w.l(rtexit2.o)
    0x0800018a   0x0800018a   0x00000006   Code   RO         3571    .ARM.Collect$$rtexit$$00000004  c_w.l(rtexit2.o)
    0x08000190   0x08000190   0x00000040   Code   RO            4    .text               startup_stm32f103xb.o
    0x080001d0   0x080001d0   0x00000028   Code   RO         3329    .text               c_w.l(noretval__2sprintf.o)
    0x080001f8   0x080001f8   0x00000068   Code   RO         3331    .text               c_w.l(__printf.o)
    0x08000260   0x08000260   0x00000078   Code   RO         3333    .text               c_w.l(_printf_dec.o)
    0x080002d8   0x080002d8   0x0000004e   Code   RO         3357    .text               c_w.l(rt_memclr_w.o)
    0x08000326   0x08000326   0x00000006   Code   RO         3359    .text               c_w.l(heapauxi.o)
    0x0800032c   0x0800032c   0x00000016   Code   RO         3422    .text               c_w.l(_rserrno.o)
    0x08000342   0x08000342   0x000000b2   Code   RO         3424    .text               c_w.l(_printf_intcommon.o)
    0x080003f4   0x080003f4   0x00000030   Code   RO         3426    .text               c_w.l(_printf_char_common.o)
    0x08000424   0x08000424   0x0000000a   Code   RO         3428    .text               c_w.l(_sputc.o)
    0x0800042e   0x0800042e   0x00000002   PAD
    0x08000430   0x08000430   0x00000008   Code   RO         3492    .text               c_w.l(rt_errno_addr_intlibspace.o)
    0x08000438   0x08000438   0x00000008   Code   RO         3504    .text               c_w.l(libspace.o)
    0x08000440   0x08000440   0x0000004a   Code   RO         3507    .text               c_w.l(sys_stackheap_outer.o)
    0x0800048a   0x0800048a   0x00000012   Code   RO         3509    .text               c_w.l(exit.o)
    0x0800049c   0x0800049c   0x0000000c   Code   RO         3581    .text               c_w.l(sys_exit.o)
    0x080004a8   0x080004a8   0x00000002   Code   RO         3592    .text               c_w.l(use_no_semi.o)
    0x080004aa   0x080004aa   0x00000000   Code   RO         3594    .text               c_w.l(indicate_semi.o)
    0x080004aa   0x080004aa   0x00000002   PAD
    0x080004ac   0x080004ac   0x00000056   Code   RO          632    i.ADC_ConversionStop_Disable  stm32f1xx_hal_adc.o
    0x08000502   0x08000502   0x0000004e   Code   RO          633    i.ADC_DMAConvCplt   stm32f1xx_hal_adc.o
    0x08000550   0x08000550   0x0000001a   Code   RO          634    i.ADC_DMAError      stm32f1xx_hal_adc.o
    0x0800056a   0x0800056a   0x0000000a   Code   RO          635    i.ADC_DMAHalfConvCplt  stm32f1xx_hal_adc.o
    0x08000574   0x08000574   0x0000007c   Code   RO          636    i.ADC_Enable        stm32f1xx_hal_adc.o
    0x080005f0   0x080005f0   0x00000002   Code   RO          438    i.BusFault_Handler  stm32f1xx_it.o
    0x080005f2   0x080005f2   0x00000014   Code   RO           15    i.CLCD_I2C_Clear    clcd_i2c.o
    0x08000606   0x08000606   0x000000a2   Code   RO           18    i.CLCD_I2C_Init     clcd_i2c.o
    0x080006a8   0x080006a8   0x00000044   Code   RO           20    i.CLCD_I2C_SetCursor  clcd_i2c.o
    0x080006ec   0x080006ec   0x00000006   Code   RO           21    i.CLCD_I2C_WriteChar  clcd_i2c.o
    0x080006f2   0x080006f2   0x00000018   Code   RO           22    i.CLCD_I2C_WriteString  clcd_i2c.o
    0x0800070a   0x0800070a   0x0000006a   Code   RO           23    i.CLCD_WriteI2C     clcd_i2c.o
    0x08000774   0x08000774   0x0000000c   Code   RO          439    i.DMA1_Channel1_IRQHandler  stm32f1xx_it.o
    0x08000780   0x08000780   0x0000002a   Code   RO         1286    i.DMA_SetConfig     stm32f1xx_hal_dma.o
    0x080007aa   0x080007aa   0x00000002   Code   RO          440    i.DebugMon_Handler  stm32f1xx_it.o
    0x080007ac   0x080007ac   0x00000060   Code   RO          190    i.Error             main.o
    0x0800080c   0x0800080c   0x00000004   Code   RO          191    i.Error_Handler     main.o
    0x08000810   0x08000810   0x00000060   Code   RO          192    i.Frenormal         main.o
    0x08000870   0x08000870   0x00000028   Code   RO          193    i.Frezero           main.o
    0x08000898   0x08000898   0x000000fc   Code   RO          638    i.HAL_ADC_ConfigChannel  stm32f1xx_hal_adc.o
    0x08000994   0x08000994   0x00000002   Code   RO          639    i.HAL_ADC_ConvCpltCallback  stm32f1xx_hal_adc.o
    0x08000996   0x08000996   0x00000002   Code   RO          640    i.HAL_ADC_ConvHalfCpltCallback  stm32f1xx_hal_adc.o
    0x08000998   0x08000998   0x00000002   Code   RO          642    i.HAL_ADC_ErrorCallback  stm32f1xx_hal_adc.o
    0x0800099a   0x0800099a   0x00000002   PAD
    0x0800099c   0x0800099c   0x0000011c   Code   RO          647    i.HAL_ADC_Init      stm32f1xx_hal_adc.o
    0x08000ab8   0x08000ab8   0x00000090   Code   RO          530    i.HAL_ADC_MspInit   stm32f1xx_hal_msp.o
    0x08000b48   0x08000b48   0x0000010c   Code   RO          654    i.HAL_ADC_Start_DMA  stm32f1xx_hal_adc.o
    0x08000c54   0x08000c54   0x00000056   Code   RO          657    i.HAL_ADC_Stop_DMA  stm32f1xx_hal_adc.o
    0x08000caa   0x08000caa   0x00000046   Code   RO         1287    i.HAL_DMA_Abort     stm32f1xx_hal_dma.o
    0x08000cf0   0x08000cf0   0x00000154   Code   RO         1292    i.HAL_DMA_IRQHandler  stm32f1xx_hal_dma.o
    0x08000e44   0x08000e44   0x0000005c   Code   RO         1293    i.HAL_DMA_Init      stm32f1xx_hal_dma.o
    0x08000ea0   0x08000ea0   0x00000070   Code   RO         1297    i.HAL_DMA_Start_IT  stm32f1xx_hal_dma.o
    0x08000f10   0x08000f10   0x00000024   Code   RO          915    i.HAL_Delay         stm32f1xx_hal.o
    0x08000f34   0x08000f34   0x000001e0   Code   RO         1223    i.HAL_GPIO_Init     stm32f1xx_hal_gpio.o
    0x08001114   0x08001114   0x0000000a   Code   RO         1225    i.HAL_GPIO_ReadPin  stm32f1xx_hal_gpio.o
    0x0800111e   0x0800111e   0x00000002   PAD
    0x08001120   0x08001120   0x0000000c   Code   RO          919    i.HAL_GetTick       stm32f1xx_hal.o
    0x0800112c   0x0800112c   0x00000188   Code   RO         1894    i.HAL_I2C_Init      stm32f1xx_hal_i2c.o
    0x080012b4   0x080012b4   0x0000012c   Code   RO         1907    i.HAL_I2C_Master_Transmit  stm32f1xx_hal_i2c.o
    0x080013e0   0x080013e0   0x0000005c   Code   RO          532    i.HAL_I2C_MspInit   stm32f1xx_hal_msp.o
    0x0800143c   0x0800143c   0x00000010   Code   RO          925    i.HAL_IncTick       stm32f1xx_hal.o
    0x0800144c   0x0800144c   0x00000024   Code   RO          926    i.HAL_Init          stm32f1xx_hal.o
    0x08001470   0x08001470   0x00000040   Code   RO          927    i.HAL_InitTick      stm32f1xx_hal.o
    0x080014b0   0x080014b0   0x0000003c   Code   RO          533    i.HAL_MspInit       stm32f1xx_hal_msp.o
    0x080014ec   0x080014ec   0x0000001a   Code   RO         1383    i.HAL_NVIC_EnableIRQ  stm32f1xx_hal_cortex.o
    0x08001506   0x08001506   0x00000002   PAD
    0x08001508   0x08001508   0x00000040   Code   RO         1389    i.HAL_NVIC_SetPriority  stm32f1xx_hal_cortex.o
    0x08001548   0x08001548   0x00000024   Code   RO         1390    i.HAL_NVIC_SetPriorityGrouping  stm32f1xx_hal_cortex.o
    0x0800156c   0x0800156c   0x000000ec   Code   RO         1186    i.HAL_RCCEx_PeriphCLKConfig  stm32f1xx_hal_rcc_ex.o
    0x08001658   0x08001658   0x0000012c   Code   RO         1083    i.HAL_RCC_ClockConfig  stm32f1xx_hal_rcc.o
    0x08001784   0x08001784   0x00000020   Code   RO         1090    i.HAL_RCC_GetPCLK1Freq  stm32f1xx_hal_rcc.o
    0x080017a4   0x080017a4   0x0000006c   Code   RO         1092    i.HAL_RCC_GetSysClockFreq  stm32f1xx_hal_rcc.o
    0x08001810   0x08001810   0x00000320   Code   RO         1095    i.HAL_RCC_OscConfig  stm32f1xx_hal_rcc.o
    0x08001b30   0x08001b30   0x00000028   Code   RO         1394    i.HAL_SYSTICK_Config  stm32f1xx_hal_cortex.o
    0x08001b58   0x08001b58   0x00000002   Code   RO         3021    i.HAL_TIMEx_BreakCallback  stm32f1xx_hal_tim_ex.o
    0x08001b5a   0x08001b5a   0x00000002   Code   RO         3022    i.HAL_TIMEx_CommutCallback  stm32f1xx_hal_tim_ex.o
    0x08001b5c   0x08001b5c   0x00000054   Code   RO         3024    i.HAL_TIMEx_ConfigBreakDeadTime  stm32f1xx_hal_tim_ex.o
    0x08001bb0   0x08001bb0   0x00000068   Code   RO         3040    i.HAL_TIMEx_MasterConfigSynchronization  stm32f1xx_hal_tim_ex.o
    0x08001c18   0x08001c18   0x00000098   Code   RO         3051    i.HAL_TIMEx_PWMN_Start  stm32f1xx_hal_tim_ex.o
    0x08001cb0   0x08001cb0   0x0000005a   Code   RO         2317    i.HAL_TIM_Base_Init  stm32f1xx_hal_tim.o
    0x08001d0a   0x08001d0a   0x00000002   PAD
    0x08001d0c   0x08001d0c   0x00000050   Code   RO          535    i.HAL_TIM_Base_MspInit  stm32f1xx_hal_msp.o
    0x08001d5c   0x08001d5c   0x00000058   Code   RO         2322    i.HAL_TIM_Base_Start_IT  stm32f1xx_hal_tim.o
    0x08001db4   0x08001db4   0x000000d6   Code   RO         2326    i.HAL_TIM_ConfigClockSource  stm32f1xx_hal_tim.o
    0x08001e8a   0x08001e8a   0x00000002   Code   RO         2351    i.HAL_TIM_IC_CaptureCallback  stm32f1xx_hal_tim.o
    0x08001e8c   0x08001e8c   0x00000166   Code   RO         2365    i.HAL_TIM_IRQHandler  stm32f1xx_hal_tim.o
    0x08001ff2   0x08001ff2   0x00000002   PAD
    0x08001ff4   0x08001ff4   0x00000074   Code   RO          536    i.HAL_TIM_MspPostInit  stm32f1xx_hal_msp.o
    0x08002068   0x08002068   0x00000002   Code   RO         2368    i.HAL_TIM_OC_DelayElapsedCallback  stm32f1xx_hal_tim.o
    0x0800206a   0x0800206a   0x000000c6   Code   RO         2389    i.HAL_TIM_PWM_ConfigChannel  stm32f1xx_hal_tim.o
    0x08002130   0x08002130   0x0000005a   Code   RO         2392    i.HAL_TIM_PWM_Init  stm32f1xx_hal_tim.o
    0x0800218a   0x0800218a   0x00000002   Code   RO         2394    i.HAL_TIM_PWM_MspInit  stm32f1xx_hal_tim.o
    0x0800218c   0x0800218c   0x00000002   Code   RO         2395    i.HAL_TIM_PWM_PulseFinishedCallback  stm32f1xx_hal_tim.o
    0x0800218e   0x0800218e   0x00000002   PAD
    0x08002190   0x08002190   0x0000009c   Code   RO         2397    i.HAL_TIM_PWM_Start  stm32f1xx_hal_tim.o
    0x0800222c   0x0800222c   0x00000098   Code   RO          194    i.HAL_TIM_PeriodElapsedCallback  main.o
    0x080022c4   0x080022c4   0x00000002   Code   RO         2408    i.HAL_TIM_TriggerCallback  stm32f1xx_hal_tim.o
    0x080022c6   0x080022c6   0x00000002   Code   RO          441    i.HardFault_Handler  stm32f1xx_it.o
    0x080022c8   0x080022c8   0x0000002e   Code   RO         1936    i.I2C_IsAcknowledgeFailed  stm32f1xx_hal_i2c.o
    0x080022f6   0x080022f6   0x00000002   PAD
    0x080022f8   0x080022f8   0x0000009c   Code   RO         1940    i.I2C_MasterRequestWrite  stm32f1xx_hal_i2c.o
    0x08002394   0x08002394   0x0000004c   Code   RO         1951    i.I2C_WaitOnBTFFlagUntilTimeout  stm32f1xx_hal_i2c.o
    0x080023e0   0x080023e0   0x00000068   Code   RO         1952    i.I2C_WaitOnFlagUntilTimeout  stm32f1xx_hal_i2c.o
    0x08002448   0x08002448   0x00000096   Code   RO         1953    i.I2C_WaitOnMasterAddressFlagUntilTimeout  stm32f1xx_hal_i2c.o
    0x080024de   0x080024de   0x0000004c   Code   RO         1955    i.I2C_WaitOnTXEFlagUntilTimeout  stm32f1xx_hal_i2c.o
    0x0800252a   0x0800252a   0x00000002   PAD
    0x0800252c   0x0800252c   0x0000004c   Code   RO          195    i.MX_ADC1_Init      main.o
    0x08002578   0x08002578   0x0000006c   Code   RO          196    i.MX_GPIO_Init      main.o
    0x080025e4   0x080025e4   0x000000ec   Code   RO          197    i.MX_TIM1_Init      main.o
    0x080026d0   0x080026d0   0x00000064   Code   RO          198    i.MX_TIM2_Init      main.o
    0x08002734   0x08002734   0x00000002   Code   RO          442    i.MemManage_Handler  stm32f1xx_it.o
    0x08002736   0x08002736   0x00000002   Code   RO          443    i.NMI_Handler       stm32f1xx_it.o
    0x08002738   0x08002738   0x00000002   Code   RO          444    i.PendSV_Handler    stm32f1xx_it.o
    0x0800273a   0x0800273a   0x00000002   Code   RO          445    i.SVC_Handler       stm32f1xx_it.o
    0x0800273c   0x0800273c   0x00000074   Code   RO          199    i.SendtoLCD         main.o
    0x080027b0   0x080027b0   0x0000000c   Code   RO          200    i.SimpleKalmanFilter  main.o
    0x080027bc   0x080027bc   0x000000e8   Code   RO          201    i.Sintable          main.o
    0x080028a4   0x080028a4   0x00000014   Code   RO          202    i.Sinwave           main.o
    0x080028b8   0x080028b8   0x00000004   Code   RO          446    i.SysTick_Handler   stm32f1xx_it.o
    0x080028bc   0x080028bc   0x00000078   Code   RO          203    i.SystemClock_Config  main.o
    0x08002934   0x08002934   0x00000002   Code   RO         3289    i.SystemInit        system_stm32f1xx.o
    0x08002936   0x08002936   0x00000002   PAD
    0x08002938   0x08002938   0x0000000c   Code   RO          447    i.TIM2_IRQHandler   stm32f1xx_it.o
    0x08002944   0x08002944   0x0000006c   Code   RO         2410    i.TIM_Base_SetConfig  stm32f1xx_hal_tim.o
    0x080029b0   0x080029b0   0x0000001a   Code   RO         2411    i.TIM_CCxChannelCmd  stm32f1xx_hal_tim.o
    0x080029ca   0x080029ca   0x0000001a   Code   RO         3060    i.TIM_CCxNChannelCmd  stm32f1xx_hal_tim_ex.o
    0x080029e4   0x080029e4   0x00000014   Code   RO         2421    i.TIM_ETR_SetConfig  stm32f1xx_hal_tim.o
    0x080029f8   0x080029f8   0x00000010   Code   RO         2422    i.TIM_ITRx_SetConfig  stm32f1xx_hal_tim.o
    0x08002a08   0x08002a08   0x00000050   Code   RO         2423    i.TIM_OC1_SetConfig  stm32f1xx_hal_tim.o
    0x08002a58   0x08002a58   0x00000058   Code   RO         2424    i.TIM_OC2_SetConfig  stm32f1xx_hal_tim.o
    0x08002ab0   0x08002ab0   0x00000058   Code   RO         2425    i.TIM_OC3_SetConfig  stm32f1xx_hal_tim.o
    0x08002b08   0x08002b08   0x00000044   Code   RO         2426    i.TIM_OC4_SetConfig  stm32f1xx_hal_tim.o
    0x08002b4c   0x08002b4c   0x00000022   Code   RO         2428    i.TIM_TI1_ConfigInputStage  stm32f1xx_hal_tim.o
    0x08002b6e   0x08002b6e   0x00000024   Code   RO         2430    i.TIM_TI2_ConfigInputStage  stm32f1xx_hal_tim.o
    0x08002b92   0x08002b92   0x00000002   Code   RO          448    i.UsageFault_Handler  stm32f1xx_it.o
    0x08002b94   0x08002b94   0x00000028   Code   RO         3500    i.__ARM_fpclassify  m_ws.l(fpclassify.o)
    0x08002bbc   0x08002bbc   0x00000020   Code   RO         1396    i.__NVIC_SetPriority  stm32f1xx_hal_cortex.o
    0x08002bdc   0x08002bdc   0x00000388   Code   RO         3463    i.__ieee754_rem_pio2  m_ws.l(rred.o)
    0x08002f64   0x08002f64   0x000000fc   Code   RO         3446    i.__kernel_cos      m_ws.l(cos_i.o)
    0x08003060   0x08003060   0x000000aa   Code   RO         3502    i.__kernel_poly     m_ws.l(poly.o)
    0x0800310a   0x0800310a   0x00000002   PAD
    0x0800310c   0x0800310c   0x000000ec   Code   RO         3468    i.__kernel_sin      m_ws.l(sin_i.o)
    0x080031f8   0x080031f8   0x00000006   Code   RO         3450    i.__mathlib_dbl_infnan  m_ws.l(dunder.o)
    0x080031fe   0x080031fe   0x0000000c   Code   RO         3452    i.__mathlib_dbl_invalid  m_ws.l(dunder.o)
    0x0800320a   0x0800320a   0x00000002   PAD
    0x0800320c   0x0800320c   0x00000010   Code   RO         3455    i.__mathlib_dbl_underflow  m_ws.l(dunder.o)
    0x0800321c   0x0800321c   0x000001b0   Code   RO          206    i.main              main.o
    0x080033cc   0x080033cc   0x00000094   Code   RO         3411    i.round             m_ws.l(round.o)
    0x08003460   0x08003460   0x000000a0   Code   RO         3414    i.sin               m_ws.l(sin.o)
    0x08003500   0x08003500   0x0000009c   Code   RO          210    i.updateEstimate    main.o
    0x0800359c   0x0800359c   0x00000062   Code   RO         3363    x$fpl$d2f           fz_ws.l(d2f.o)
    0x080035fe   0x080035fe   0x00000002   PAD
    0x08003600   0x08003600   0x00000150   Code   RO         3365    x$fpl$dadd          fz_ws.l(daddsub_clz.o)
    0x08003750   0x08003750   0x00000010   Code   RO         3517    x$fpl$dcheck1       fz_ws.l(dcheck1.o)
    0x08003760   0x08003760   0x00000018   Code   RO         3496    x$fpl$dcmpinf       fz_ws.l(dcmpi.o)
    0x08003778   0x08003778   0x000002b0   Code   RO         3372    x$fpl$ddiv          fz_ws.l(ddiv.o)
    0x08003a28   0x08003a28   0x0000005e   Code   RO         3375    x$fpl$dfix          fz_ws.l(dfix.o)
    0x08003a86   0x08003a86   0x00000002   PAD
    0x08003a88   0x08003a88   0x0000005a   Code   RO         3379    x$fpl$dfixu         fz_ws.l(dfixu.o)
    0x08003ae2   0x08003ae2   0x0000002e   Code   RO         3384    x$fpl$dflt          fz_ws.l(dflt_clz.o)
    0x08003b10   0x08003b10   0x00000026   Code   RO         3383    x$fpl$dfltu         fz_ws.l(dflt_clz.o)
    0x08003b36   0x08003b36   0x00000002   PAD
    0x08003b38   0x08003b38   0x00000078   Code   RO         3431    x$fpl$dleqf         fz_ws.l(dleqf.o)
    0x08003bb0   0x08003bb0   0x00000154   Code   RO         3389    x$fpl$dmul          fz_ws.l(dmul.o)
    0x08003d04   0x08003d04   0x0000009c   Code   RO         3433    x$fpl$dnaninf       fz_ws.l(dnaninf.o)
    0x08003da0   0x08003da0   0x0000000c   Code   RO         3435    x$fpl$dretinf       fz_ws.l(dretinf.o)
    0x08003dac   0x08003dac   0x0000006c   Code   RO         3437    x$fpl$drleqf        fz_ws.l(drleqf.o)
    0x08003e18   0x08003e18   0x000000b4   Code   RO         3439    x$fpl$drnd          fz_ws.l(drnd.o)
    0x08003ecc   0x08003ecc   0x00000016   Code   RO         3366    x$fpl$drsb          fz_ws.l(daddsub_clz.o)
    0x08003ee2   0x08003ee2   0x00000002   PAD
    0x08003ee4   0x08003ee4   0x000001d4   Code   RO         3367    x$fpl$dsub          fz_ws.l(daddsub_clz.o)
    0x080040b8   0x080040b8   0x00000056   Code   RO         3391    x$fpl$f2d           fz_ws.l(f2d.o)
    0x0800410e   0x0800410e   0x00000002   PAD
    0x08004110   0x08004110   0x000000c4   Code   RO         3393    x$fpl$fadd          fz_ws.l(faddsub_clz.o)
    0x080041d4   0x080041d4   0x00000184   Code   RO         3400    x$fpl$fdiv          fz_ws.l(fdiv.o)
    0x08004358   0x08004358   0x00000026   Code   RO         3403    x$fpl$ffltu         fz_ws.l(fflt_clz.o)
    0x0800437e   0x0800437e   0x00000002   PAD
    0x08004380   0x08004380   0x00000102   Code   RO         3409    x$fpl$fmul          fz_ws.l(fmul.o)
    0x08004482   0x08004482   0x0000008c   Code   RO         3441    x$fpl$fnaninf       fz_ws.l(fnaninf.o)
    0x0800450e   0x0800450e   0x0000000a   Code   RO         3443    x$fpl$fretinf       fz_ws.l(fretinf.o)
    0x08004518   0x08004518   0x000000ea   Code   RO         3395    x$fpl$fsub          fz_ws.l(faddsub_clz.o)
    0x08004602   0x08004602   0x00000064   Code   RO         3566    x$fpl$retnan        fz_ws.l(retnan.o)
    0x08004666   0x08004666   0x0000005c   Code   RO         3498    x$fpl$scalbn        fz_ws.l(scalbn.o)
    0x080046c2   0x080046c2   0x00000030   Code   RO         3579    x$fpl$trapveneer    fz_ws.l(trapv.o)
    0x080046f2   0x080046f2   0x00000000   Code   RO         3445    x$fpl$usenofp       fz_ws.l(usenofp.o)
    0x080046f2   0x080046f2   0x00000010   Data   RO         3290    .constdata          system_stm32f1xx.o
    0x08004702   0x08004702   0x00000008   Data   RO         3291    .constdata          system_stm32f1xx.o
    0x0800470a   0x0800470a   0x00000006   PAD
    0x08004710   0x08004710   0x00000030   Data   RO         3447    .constdata          m_ws.l(cos_i.o)
    0x08004740   0x08004740   0x000000c8   Data   RO         3465    .constdata          m_ws.l(rred.o)
    0x08004808   0x08004808   0x00000028   Data   RO         3469    .constdata          m_ws.l(sin_i.o)
    0x08004830   0x08004830   0x00000020   Data   RO         3647    Region$$Table       anon$$obj.o


    Execution Region RW_IRAM1 (Exec base: 0x20000000, Load base: 0x08004850, Size: 0x000010a8, Max: 0x00005000, ABSOLUTE)

    Exec Addr    Load Addr    Size         Type   Attr      Idx    E Section Name        Object

    0x20000000   0x08004850   0x00000040   Data   RW          213    .data               main.o
    0x20000040   0x08004890   0x0000000c   Data   RW          933    .data               stm32f1xx_hal.o
    0x2000004c   0x0800489c   0x00000004   Data   RW         3292    .data               system_stm32f1xx.o
    0x20000050        -       0x000009b2   Zero   RW          211    .bss                main.o
    0x20000a02   0x080048a0   0x00000002   PAD
    0x20000a04        -       0x00000044   Zero   RW          212    .bss                main.o
    0x20000a48        -       0x00000060   Zero   RW         3505    .bss                c_w.l(libspace.o)
    0x20000aa8        -       0x00000200   Zero   RW            2    HEAP                startup_stm32f103xb.o
    0x20000ca8        -       0x00000400   Zero   RW            1    STACK               startup_stm32f103xb.o


==============================================================================

Image component sizes


      Code (inc. data)   RO Data    RW Data    ZI Data      Debug   Object Name

       386          0          0          0          0     445486   clcd_i2c.o
      1996        254          0         64       2550     446714   main.o
        64         26        236          0       1536        832   startup_stm32f103xb.o
       164         28          0         12          0       6069   stm32f1xx_hal.o
      1220         56          0          0          0       9569   stm32f1xx_hal_adc.o
       198         14          0          0          0      29067   stm32f1xx_hal_cortex.o
       656         32          0          0          0       4391   stm32f1xx_hal_dma.o
       490         34          0          0          0       2951   stm32f1xx_hal_gpio.o
      1300         32          0          0          0       9109   stm32f1xx_hal_i2c.o
       492         68          0          0          0       3803   stm32f1xx_hal_msp.o
      1240         88          0          0          0       4733   stm32f1xx_hal_rcc.o
       236         12          0          0          0       1428   stm32f1xx_hal_rcc_ex.o
      1768         58          0          0          0      16318   stm32f1xx_hal_tim.o
       370         24          0          0          0       4704   stm32f1xx_hal_tim_ex.o
        44         12          0          0          0       4979   stm32f1xx_it.o
         2          0         24          4          0       1179   system_stm32f1xx.o

    ----------------------------------------------------------------------
     10644        738        298         80       4088     991332   Object Totals
         0          0         32          0          0          0   (incl. Generated)
        18          0          6          0          2          0   (incl. Padding)

    ----------------------------------------------------------------------

      Code (inc. data)   RO Data    RW Data    ZI Data      Debug   Library Member Name

         8          0          0          0          0         68   __main.o
       104          0          0          0          0         84   __printf.o
         0          0          0          0          0          0   __rtentry.o
        12          0          0          0          0          0   __rtentry2.o
         6          0          0          0          0          0   __rtentry4.o
        52          8          0          0          0          0   __scatter.o
        26          0          0          0          0          0   __scatter_copy.o
        28          0          0          0          0          0   __scatter_zi.o
        48          6          0          0          0         96   _printf_char_common.o
         6          0          0          0          0          0   _printf_d.o
       120         16          0          0          0         92   _printf_dec.o
       178          0          0          0          0         88   _printf_intcommon.o
         0          0          0          0          0          0   _printf_percent.o
         4          0          0          0          0          0   _printf_percent_end.o
        22          0          0          0          0        100   _rserrno.o
        10          0          0          0          0         68   _sputc.o
        18          0          0          0          0         80   exit.o
         6          0          0          0          0        152   heapauxi.o
         0          0          0          0          0          0   indicate_semi.o
         2          0          0          0          0          0   libinit.o
         2          0          0          0          0          0   libinit2.o
         2          0          0          0          0          0   libshutdown.o
         2          0          0          0          0          0   libshutdown2.o
         8          4          0          0         96         68   libspace.o
        40          6          0          0          0         84   noretval__2sprintf.o
         8          4          0          0          0         68   rt_errno_addr_intlibspace.o
        78          0          0          0          0         80   rt_memclr_w.o
         2          0          0          0          0          0   rtexit.o
        10          0          0          0          0          0   rtexit2.o
        12          4          0          0          0         68   sys_exit.o
        74          0          0          0          0         80   sys_stackheap_outer.o
         2          0          0          0          0         68   use_no_semi.o
        98          4          0          0          0         92   d2f.o
       826         16          0          0          0        348   daddsub_clz.o
        16          4          0          0          0         68   dcheck1.o
        24          0          0          0          0         68   dcmpi.o
       688        140          0          0          0        208   ddiv.o
        94          4          0          0          0         92   dfix.o
        90          4          0          0          0         92   dfixu.o
        84          0          0          0          0        136   dflt_clz.o
       120          4          0          0          0         92   dleqf.o
       340         12          0          0          0        104   dmul.o
       156          4          0          0          0         92   dnaninf.o
        12          0          0          0          0         68   dretinf.o
       108          0          0          0          0         80   drleqf.o
       180          4          0          0          0         80   drnd.o
        86          4          0          0          0         84   f2d.o
       430          8          0          0          0        168   faddsub_clz.o
       388         76          0          0          0         96   fdiv.o
        38          0          0          0          0         68   fflt_clz.o
       258          4          0          0          0         84   fmul.o
       140          4          0          0          0         84   fnaninf.o
        10          0          0          0          0         68   fretinf.o
       100          0          0          0          0         68   retnan.o
        92          0          0          0          0         68   scalbn.o
        48          0          0          0          0         68   trapv.o
         0          0          0          0          0          0   usenofp.o
       252         22         48          0          0        124   cos_i.o
        34          6          0          0          0        204   dunder.o
        40          0          0          0          0         68   fpclassify.o
       170          0          0          0          0         96   poly.o
       148         12          0          0          0         88   round.o
       904         76        200          0          0        140   rred.o
       160         10          0          0          0        108   sin.o
       236         12         40          0          0        128   sin_i.o

    ----------------------------------------------------------------------
      7282        478        288          0         96       4776   Library Totals
        22          0          0          0          0          0   (incl. Padding)

    ----------------------------------------------------------------------

      Code (inc. data)   RO Data    RW Data    ZI Data      Debug   Library Name

       890         48          0          0         96       1344   c_w.l
      4426        292          0          0          0       2476   fz_ws.l
      1944        138        288          0          0        956   m_ws.l

    ----------------------------------------------------------------------
      7282        478        288          0         96       4776   Library Totals

    ----------------------------------------------------------------------

==============================================================================


      Code (inc. data)   RO Data    RW Data    ZI Data      Debug   

     17926       1216        586         80       4184     988096   Grand Totals
     17926       1216        586         80       4184     988096   ELF Image Totals
     17926       1216        586         80          0          0   ROM Totals

==============================================================================

    Total RO  Size (Code + RO Data)                18512 (  18.08kB)
    Total RW  Size (RW Data + ZI Data)              4264 (   4.16kB)
    Total ROM Size (Code + RO Data + RW Data)      18592 (  18.16kB)

==============================================================================

